Archive member included to satisfy reference by file (symbol)

/opt/watz-gpio/optee_os-3.21.0/out/arm/export-ta_arm64/lib/libdl.a(dlfcn.o)
                              ./native_lib.o (dlopen)
/opt/watz-gpio/optee_os-3.21.0/out/arm/export-ta_arm64/lib/libutee.a(tee_uuid_from_str.o)
                              /opt/watz-gpio/optee_os-3.21.0/out/arm/export-ta_arm64/lib/libdl.a(dlfcn.o) (tee_uuid_from_str)
../../build//libvmlib.a(tz_file.c.o)
                              ./wasm.o (tzio_set_output_buffer)
../../build//libvmlib.a(tz_platform.c.o)
                              ../../build//libvmlib.a(tz_file.c.o) (os_malloc)
../../build//libvmlib.a(wasm_application.c.o)
                              ./wasm.o (wasm_application_execute_main)
../../build//libvmlib.a(wasm_memory.c.o)
                              ./native_lib.o (wasm_runtime_malloc)
../../build//libvmlib.a(wasm_runtime_common.c.o)
                              ./wasm.o (wasm_runtime_destroy)
../../build//libvmlib.a(invokeNative_aarch64.s.o)
                              ../../build//libvmlib.a(wasm_runtime_common.c.o) (invokeNative)
../../build//libvmlib.a(tz_io_sigtable.c.o)
                              ../../../../../../out-br/build/optee_test_ext-1.0/ta/native_tzio/out/libtzio.so (tzio_periph_to_io_signal_no)
../../build//libvmlib.a(tz_periph_io_helper.c.o)
                              ../../build//libvmlib.a(tz_io_sigtable.c.o) (tzio_signo_to_io_helper_uuid)
../../build//libvmlib.a(wasm_runtime.c.o)
                              ../../build//libvmlib.a(wasm_runtime_common.c.o) (wasm_load)
../../build//libvmlib.a(aot_loader.c.o)
                              ../../build//libvmlib.a(wasm_runtime_common.c.o) (aot_unload)
../../build//libvmlib.a(aot_runtime.c.o)
                              ../../build//libvmlib.a(wasm_runtime_common.c.o) (aot_create_exec_env_singleton)
../../build//libvmlib.a(aot_reloc_aarch64.c.o)
                              ../../build//libvmlib.a(aot_loader.c.o) (get_target_symbol_map)
../../build//libvmlib.a(tz_pthread.c.o)
                              ../../build//libvmlib.a(wasm_runtime_common.c.o) (__errno_location)
../../build//libvmlib.a(math.c.o)
                              ../../build//libvmlib.a(aot_reloc_aarch64.c.o) (floor)
../../build//libvmlib.a(mem_alloc.c.o)
                              ../../build//libvmlib.a(wasm_memory.c.o) (mem_allocator_create)
../../build//libvmlib.a(bh_common.c.o)
                              ../../build//libvmlib.a(wasm_application.c.o) (b_memcpy_s)
../../build//libvmlib.a(bh_hashmap.c.o)
                              ../../build//libvmlib.a(aot_loader.c.o) (bh_hash_map_create)
../../build//libvmlib.a(bh_log.c.o)
                              ../../build//libvmlib.a(wasm_application.c.o) (bh_log)
../../build//libvmlib.a(runtime_timer.c.o)
                              ../../build//libvmlib.a(bh_log.c.o) (bh_get_tick_ms)
../../build//libvmlib.a(posix.c.o)
                              ../../build//libvmlib.a(wasm_runtime_common.c.o) (fd_prestats_init)
../../build//libvmlib.a(random.c.o)
                              ../../build//libvmlib.a(posix.c.o) (random_buf)
../../build//libvmlib.a(str.c.o)
                              ../../build//libvmlib.a(posix.c.o) (str_nullterminate)
../../build//libvmlib.a(wasm_c_api.c.o)
                              ../../build//libvmlib.a(wasm_runtime_common.c.o) (wasm_trap_delete)
../../build//libvmlib.a(wasm_exec_env.c.o)
                              ../../build//libvmlib.a(wasm_runtime_common.c.o) (wasm_exec_env_create)
../../build//libvmlib.a(wasm_native.c.o)
                              ../../build//libvmlib.a(aot_loader.c.o) (wasm_native_resolve_symbol)
../../build//libvmlib.a(wasm_interp_classic.c.o)
                              ../../build//libvmlib.a(wasm_runtime.c.o) (wasm_interp_call_wasm)
../../build//libvmlib.a(wasm_loader.c.o)
                              ../../build//libvmlib.a(wasm_runtime.c.o) (wasm_loader_unload)
../../build//libvmlib.a(tz_signal.c.o)
                              ../../build//libvmlib.a(posix.c.o) (raise)
../../build//libvmlib.a(tz_socket.c.o)
                              ../../build//libvmlib.a(posix.c.o) (getsockopt)
../../build//libvmlib.a(tz_string.c.o)
                              ../../build//libvmlib.a(posix.c.o) (strcspn)
../../build//libvmlib.a(tz_thread.c.o)
                              ../../build//libvmlib.a(runtime_timer.c.o) (os_cond_destroy)
../../build//libvmlib.a(tz_time.c.o)
                              ../../build//libvmlib.a(bh_log.c.o) (os_time_get_boot_microsecond)
../../build//libvmlib.a(ems_alloc.c.o)
                              ../../build//libvmlib.a(mem_alloc.c.o) (gc_alloc_vo)
../../build//libvmlib.a(ems_kfc.c.o)
                              ../../build//libvmlib.a(mem_alloc.c.o) (gc_init_with_pool)
../../build//libvmlib.a(bh_vector.c.o)
                              ../../build//libvmlib.a(wasm_c_api.c.o) (bh_vector_init)
../../build//libvmlib.a(libc_wasi_wrapper.c.o)
[...]
Memory Configuration

Name             Origin             Length             Attributes
*default*        0x0000000000000000 0xffffffffffffffff

Linker script and memory map


.ta_head        0x0000000000000000       0x20
 *(SORT_BY_ALIGNMENT(.ta_head))
 .ta_head       0x0000000000000000       0x20 ./user_ta_header.o
                0x0000000000000000                ta_head

.text           0x0000000000000020    0x2e114
                0x0000000000000020                __text_start = .
 *(SORT_BY_ALIGNMENT(.text) SORT_BY_ALIGNMENT(.text.*))
 .text          0x0000000000000020      0x280 ./native_lib.o
                0x0000000000000020                load_native_lib
                0x0000000000000228                load_and_register_native_libs
 .text          0x00000000000002a0       0x64 ./tee_benchmarks.o
                0x00000000000002a0                benchmark_get_store
                0x00000000000002b8                benchmark_get_value
 *fill*         0x0000000000000304        0x4 
 .text          0x0000000000000308      0x2c0 ./wasm.o
                0x0000000000000308                TA_SetOutputBuffer
                0x0000000000000310                TA_InitializeWamrRuntime
                0x0000000000000510                TA_ExecuteWamrRuntime
                0x0000000000000588                TA_TearDownWamrRuntime
 .text          0x00000000000005c8      0x2fc ./main.o
                0x00000000000005c8                TA_CreateEntryPoint
                0x0000000000000600                TA_DestroyEntryPoint
                0x0000000000000628                TA_OpenSessionEntryPoint
                0x0000000000000678                TA_CloseSessionEntryPoint
                0x00000000000006a0                TA_InvokeCommandEntryPoint
 *fill*         0x00000000000008c4        0x4 
 .text          0x00000000000008c8       0x20 ./user_ta_header.o
                0x00000000000008c8                __ta_entry
                0x00000000000008e0                tahead_get_trace_level
 .text.close    0x00000000000008e8       0x34 ../../build//libvmlib.a(tz_file.c.o)
                0x00000000000008e8                close
 *fill*         0x000000000000091c        0x4 
 .text.closedir
                0x0000000000000920       0x34 ../../build//libvmlib.a(tz_file.c.o)
                0x0000000000000920                closedir
 *fill*         0x0000000000000954        0x4 
 .text.fcntl    0x0000000000000958       0x48 ../../build//libvmlib.a(tz_file.c.o)
                0x0000000000000958                fcntl
 .text.fdatasync
                0x00000000000009a0       0x34 ../../build//libvmlib.a(tz_file.c.o)
                0x00000000000009a0                fdatasync
 *fill*         0x00000000000009d4        0x4 
 .text.fdopendir
                0x00000000000009d8       0x34 ../../build//libvmlib.a(tz_file.c.o)
                0x00000000000009d8                fdopendir
 *fill*         0x0000000000000a0c        0x4 
 .text.fstat    0x0000000000000a10       0x50 ../../build//libvmlib.a(tz_file.c.o)
                0x0000000000000a10                fstat
 .text.fstatat  0x0000000000000a60       0x34 ../../build//libvmlib.a(tz_file.c.o)
                0x0000000000000a60                fstatat
 *fill*         0x0000000000000a94        0x4 
 .text.fsync    0x0000000000000a98       0x34 ../../build//libvmlib.a(tz_file.c.o)
                0x0000000000000a98                fsync
 *fill*         0x0000000000000acc        0x4 
 .text.ftruncate
                0x0000000000000ad0       0x34 ../../build//libvmlib.a(tz_file.c.o)
                0x0000000000000ad0                ftruncate
 *fill*         0x0000000000000b04        0x4 
 .text.getrandom
                0x0000000000000b08       0x34 ../../build//libvmlib.a(tz_file.c.o)
                0x0000000000000b08                getrandom
 *fill*         0x0000000000000b3c        0x4 
 .text.ioctl    0x0000000000000b40       0x34 ../../build//libvmlib.a(tz_file.c.o)
                0x0000000000000b40                ioctl
 *fill*         0x0000000000000b74        0x4 
 .text.isatty   0x0000000000000b78       0x34 ../../build//libvmlib.a(tz_file.c.o)
                0x0000000000000b78                isatty
 *fill*         0x0000000000000bac        0x4 
 .text.linkat   0x0000000000000bb0       0x34 ../../build//libvmlib.a(tz_file.c.o)
                0x0000000000000bb0                linkat
 *fill*         0x0000000000000be4        0x4 
 .text.lseek    0x0000000000000be8       0x34 ../../build//libvmlib.a(tz_file.c.o)
                0x0000000000000be8                lseek
 *fill*         0x0000000000000c1c        0x4 
 .text.mkdirat  0x0000000000000c20       0x34 ../../build//libvmlib.a(tz_file.c.o)
                0x0000000000000c20                mkdirat
 *fill*         0x0000000000000c54        0x4 
 .text.open     0x0000000000000c58       0x34 ../../build//libvmlib.a(tz_file.c.o)
                0x0000000000000c58                open
 *fill*         0x0000000000000c8c        0x4 
 .text.openat   0x0000000000000c90       0x34 ../../build//libvmlib.a(tz_file.c.o)
                0x0000000000000c90                openat
 *fill*         0x0000000000000cc4        0x4 
 .text.poll     0x0000000000000cc8       0x34 ../../build//libvmlib.a(tz_file.c.o)
                0x0000000000000cc8                poll
 *fill*         0x0000000000000cfc        0x4 
 .text.posix_fallocate
                0x0000000000000d00       0x34 ../../build//libvmlib.a(tz_file.c.o)
                0x0000000000000d00                posix_fallocate
 *fill*         0x0000000000000d34        0x4 
 .text.preadv   0x0000000000000d38       0x34 ../../build//libvmlib.a(tz_file.c.o)
                0x0000000000000d38                preadv
 *fill*         0x0000000000000d6c        0x4 
 .text.pwritev  0x0000000000000d70       0x34 ../../build//libvmlib.a(tz_file.c.o)
                0x0000000000000d70                pwritev
 *fill*         0x0000000000000da4        0x4 
 .text.readdir  0x0000000000000da8       0x34 ../../build//libvmlib.a(tz_file.c.o)
                0x0000000000000da8                readdir
 *fill*         0x0000000000000ddc        0x4 
 .text.readlinkat
                0x0000000000000de0       0x34 ../../build//libvmlib.a(tz_file.c.o)
                0x0000000000000de0                readlinkat
 *fill*         0x0000000000000e14        0x4 
 .text.readv    0x0000000000000e18       0x34 ../../build//libvmlib.a(tz_file.c.o)
                0x0000000000000e18                readv
 *fill*         0x0000000000000e4c        0x4 
 .text.realpath
                0x0000000000000e50       0x34 ../../build//libvmlib.a(tz_file.c.o)
                0x0000000000000e50                realpath
 *fill*         0x0000000000000e84        0x4 
 .text.renameat
                0x0000000000000e88       0x34 ../../build//libvmlib.a(tz_file.c.o)
                0x0000000000000e88                renameat
 *fill*         0x0000000000000ebc        0x4 
 .text.rewinddir
                0x0000000000000ec0       0x20 ../../build//libvmlib.a(tz_file.c.o)
                0x0000000000000ec0                rewinddir
 .text.sched_yield
                0x0000000000000ee0       0x34 ../../build//libvmlib.a(tz_file.c.o)
                0x0000000000000ee0                sched_yield
 *fill*         0x0000000000000f14        0x4 
 .text.seekdir  0x0000000000000f18       0x20 ../../build//libvmlib.a(tz_file.c.o)
                0x0000000000000f18                seekdir
 .text.symlinkat
                0x0000000000000f38       0x34 ../../build//libvmlib.a(tz_file.c.o)
                0x0000000000000f38                symlinkat
 *fill*         0x0000000000000f6c        0x4 
 .text.telldir  0x0000000000000f70       0x34 ../../build//libvmlib.a(tz_file.c.o)
                0x0000000000000f70                telldir
 *fill*         0x0000000000000fa4        0x4 
 .text.unlinkat
                0x0000000000000fa8       0x34 ../../build//libvmlib.a(tz_file.c.o)
                0x0000000000000fa8                unlinkat
 *fill*         0x0000000000000fdc        0x4 
 .text.writev   0x0000000000000fe0      0x1cc ../../build//libvmlib.a(tz_file.c.o)
                0x0000000000000fe0                writev
 *fill*         0x00000000000011ac        0x4 
 .text.vedliot_set_output_buffer
                0x00000000000011b0       0x18 ../../build//libvmlib.a(tz_file.c.o)
                0x00000000000011b0                vedliot_set_output_buffer
 .text.tzio_set_output_buffer
                0x00000000000011c8       0x14 ../../build//libvmlib.a(tz_file.c.o)
                0x00000000000011c8                tzio_set_output_buffer
 *fill*         0x00000000000011dc        0x4 
 .text.bh_platform_init
                0x00000000000011e0        0x8 ../../build//libvmlib.a(tz_platform.c.o)
                0x00000000000011e0                bh_platform_init
 .text.bh_platform_destroy
                0x00000000000011e8        0x4 ../../build//libvmlib.a(tz_platform.c.o)
                0x00000000000011e8                bh_platform_destroy
 *fill*         0x00000000000011ec        0x4 
 .text.os_malloc
                0x00000000000011f0        0xc ../../build//libvmlib.a(tz_platform.c.o)
                0x00000000000011f0                os_malloc
 *fill*         0x00000000000011fc        0x4 
 .text.os_realloc
                0x0000000000001200        0x8 ../../build//libvmlib.a(tz_platform.c.o)
                0x0000000000001200                os_realloc
 .text.os_free  0x0000000000001208        0x4 ../../build//libvmlib.a(tz_platform.c.o)
                0x0000000000001208                os_free
 *fill*         0x000000000000120c        0x4 
 .text.os_printf
                0x0000000000001210       0xb4 ../../build//libvmlib.a(tz_platform.c.o)
                0x0000000000001210                os_printf
 *fill*         0x00000000000012c4        0x4 
 .text.os_vprintf
                0x00000000000012c8       0x68 ../../build//libvmlib.a(tz_platform.c.o)
                0x00000000000012c8                os_vprintf
 .text.strcpy   0x0000000000001330       0x1c ../../build//libvmlib.a(tz_platform.c.o)
                0x0000000000001330                strcpy
 *fill*         0x000000000000134c        0x4 
 .text.os_munmap
                0x0000000000001350       0x8c ../../build//libvmlib.a(tz_platform.c.o)
                0x0000000000001350                os_munmap
 *fill*         0x00000000000013dc        0x4 
 .text.os_mprotect
                0x00000000000013e0       0xdc ../../build//libvmlib.a(tz_platform.c.o)
                0x00000000000013e0                os_mprotect
 *fill*         0x00000000000014bc        0x4 
 .text.os_mmap  0x00000000000014c0      0x13c ../../build//libvmlib.a(tz_platform.c.o)
                0x00000000000014c0                os_mmap
 *fill*         0x00000000000015fc        0x4 
 .text.os_dcache_flush
                0x0000000000001600        0x4 ../../build//libvmlib.a(tz_platform.c.o)
                0x0000000000001600                os_dcache_flush
 *fill*         0x0000000000001604        0x4 
 .text.strtof   0x0000000000001608       0x34 ../../build//libvmlib.a(tz_platform.c.o)
                0x0000000000001608                strtof
 *fill*         0x000000000000163c        0x4 
 .text.strtol   0x0000000000001640        0x4 ../../build//libvmlib.a(tz_platform.c.o)
                0x0000000000001640                strtol
 *fill*         0x0000000000001644        0x4 
 .text.strtod   0x0000000000001648       0x34 ../../build//libvmlib.a(tz_platform.c.o)
                0x0000000000001648                strtod
 *fill*         0x000000000000167c        0x4 
 .text.strtoull
                0x0000000000001680       0x34 ../../build//libvmlib.a(tz_platform.c.o)
                0x0000000000001680                strtoull
 *fill*         0x00000000000016b4        0x4 
 .text.sqrtf    0x00000000000016b8       0x34 ../../build//libvmlib.a(tz_platform.c.o)
                0x00000000000016b8                sqrtf
 *fill*         0x00000000000016ec        0x4 
 .text.wasm_application_execute_main
                0x00000000000016f0      0x554 ../../build//libvmlib.a(wasm_application.c.o)
                0x00000000000016f0                wasm_application_execute_main
 *fill*         0x0000000000001c44        0x4 
 .text.wasm_application_execute_func
                0x0000000000001c48      0x5a0 ../../build//libvmlib.a(wasm_application.c.o)
                0x0000000000001c48                wasm_application_execute_func
 .text.wasm_runtime_memory_init
                0x00000000000021e8      0x190 ../../build//libvmlib.a(wasm_memory.c.o)
                0x00000000000021e8                wasm_runtime_memory_init
 .text.wasm_runtime_memory_destroy
                0x0000000000002378       0x48 ../../build//libvmlib.a(wasm_memory.c.o)
                0x0000000000002378                wasm_runtime_memory_destroy
 .text.wasm_runtime_memory_pool_size
                0x00000000000023c0       0x20 ../../build//libvmlib.a(wasm_memory.c.o)
                0x00000000000023c0                wasm_runtime_memory_pool_size
 .text.wasm_runtime_malloc
                0x00000000000023e0       0x8c ../../build//libvmlib.a(wasm_memory.c.o)
                0x00000000000023e0                wasm_runtime_malloc
 *fill*         0x000000000000246c        0x4 
 .text.wasm_runtime_realloc
                0x0000000000002470       0x74 ../../build//libvmlib.a(wasm_memory.c.o)
                0x0000000000002470                wasm_runtime_realloc
 *fill*         0x00000000000024e4        0x4 
 .text.wasm_runtime_free
                0x00000000000024e8       0x60 ../../build//libvmlib.a(wasm_memory.c.o)
                0x00000000000024e8                wasm_runtime_free
 .text.wasm_runtime_init
                0x0000000000002548       0x4c ../../build//libvmlib.a(wasm_runtime_common.c.o)
                0x0000000000002548                wasm_runtime_init
 *fill*         0x0000000000002594        0x4 
 .text.wasm_runtime_destroy
                0x0000000000002598       0x18 ../../build//libvmlib.a(wasm_runtime_common.c.o)
                0x0000000000002598                wasm_runtime_destroy
 .text.get_package_type
                0x00000000000025b0       0x64 ../../build//libvmlib.a(wasm_runtime_common.c.o)
                0x00000000000025b0                get_package_type
 *fill*         0x0000000000002614        0x4 
 .text.wasm_runtime_is_built_in_module
                0x0000000000002618       0x80 ../../build//libvmlib.a(wasm_runtime_common.c.o)
                0x0000000000002618                wasm_runtime_is_built_in_module
 .text.wasm_runtime_load
                0x0000000000002698       0xec ../../build//libvmlib.a(wasm_runtime_common.c.o)
                0x0000000000002698                wasm_runtime_load
 *fill*         0x0000000000002784        0x4 
 .text.wasm_runtime_load_from_sections
                0x0000000000002788       0x1c ../../build//libvmlib.a(wasm_runtime_common.c.o)
                0x0000000000002788                wasm_runtime_load_from_sections
 *fill*         0x00000000000027a4        0x4 
 .text.wasm_runtime_unload
                0x00000000000027a8       0x1c ../../build//libvmlib.a(wasm_runtime_common.c.o)
                0x00000000000027a8                wasm_runtime_unload
 *fill*         0x00000000000027c4        0x4 
 .text.wasm_runtime_instantiate_internal
                0x00000000000027c8       0x58 ../../build//libvmlib.a(wasm_runtime_common.c.o)
                0x00000000000027c8                wasm_runtime_instantiate_internal
 .text.wasm_runtime_instantiate
                0x0000000000002820       0x7c ../../build//libvmlib.a(wasm_runtime_common.c.o)
                0x0000000000002820                wasm_runtime_instantiate
 *fill*         0x000000000000289c        0x4 
 .text.wasm_runtime_deinstantiate_internal
                0x00000000000028a0       0x20 ../../build//libvmlib.a(wasm_runtime_common.c.o)
                0x00000000000028a0                wasm_runtime_deinstantiate_internal
 .text.wasm_runtime_deinstantiate
                0x00000000000028c0       0x20 ../../build//libvmlib.a(wasm_runtime_common.c.o)
                0x00000000000028c0                wasm_runtime_deinstantiate
 .text.wasm_runtime_create_exec_env
                0x00000000000028e0        0x4 ../../build//libvmlib.a(wasm_runtime_common.c.o)
                0x00000000000028e0                wasm_runtime_create_exec_env
 *fill*         0x00000000000028e4        0x4 
 .text.wasm_runtime_destroy_exec_env
                0x00000000000028e8        0x4 ../../build//libvmlib.a(wasm_runtime_common.c.o)
                0x00000000000028e8                wasm_runtime_destroy_exec_env
 *fill*         0x00000000000028ec        0x4 
 .text.wasm_runtime_init_thread_env
                0x00000000000028f0        0x8 ../../build//libvmlib.a(wasm_runtime_common.c.o)
                0x00000000000028f0                wasm_runtime_init_thread_env
 .text.wasm_runtime_destroy_thread_env
                0x00000000000028f8        0x4 ../../build//libvmlib.a(wasm_runtime_common.c.o)
                0x00000000000028f8                wasm_runtime_destroy_thread_env
 *fill*         0x00000000000028fc        0x4 
 .text.wasm_runtime_get_module_inst
                0x0000000000002900        0x4 ../../build//libvmlib.a(wasm_runtime_common.c.o)
                0x0000000000002900                wasm_runtime_get_module_inst
 *fill*         0x0000000000002904        0x4 
 .text.wasm_runtime_get_function_idx
                0x0000000000002908       0x3c ../../build//libvmlib.a(wasm_runtime_common.c.o)
                0x0000000000002908                wasm_runtime_get_function_idx
 *fill*         0x0000000000002944        0x4 
 .text.wasm_runtime_get_function_attachment
                0x0000000000002948        0x8 ../../build//libvmlib.a(wasm_runtime_common.c.o)
                0x0000000000002948                wasm_runtime_get_function_attachment
 .text.wasm_runtime_set_user_data
                0x0000000000002950        0x8 ../../build//libvmlib.a(wasm_runtime_common.c.o)
                0x0000000000002950                wasm_runtime_set_user_data
 .text.wasm_runtime_get_user_data
                0x0000000000002958        0x8 ../../build//libvmlib.a(wasm_runtime_common.c.o)
                0x0000000000002958                wasm_runtime_get_user_data
 .text.wasm_runtime_get_function_type
                0x0000000000002960       0x44 ../../build//libvmlib.a(wasm_runtime_common.c.o)
                0x0000000000002960                wasm_runtime_get_function_type
 *fill*         0x00000000000029a4        0x4 
 .text.wasm_runtime_lookup_function
                0x00000000000029a8       0x20 ../../build//libvmlib.a(wasm_runtime_common.c.o)
                0x00000000000029a8                wasm_runtime_lookup_function
 .text.wasm_runtime_call_wasm
                0x00000000000029c8       0xe4 ../../build//libvmlib.a(wasm_runtime_common.c.o)
                0x00000000000029c8                wasm_runtime_call_wasm
 *fill*         0x0000000000002aac        0x4 
 .text.wasm_runtime_create_exec_env_and_call_wasm
                0x0000000000002ab0       0x7c ../../build//libvmlib.a(wasm_runtime_common.c.o)
                0x0000000000002ab0                wasm_runtime_create_exec_env_and_call_wasm
 *fill*         0x0000000000002b2c        0x4 
 .text.wasm_runtime_create_exec_env_singleton
                0x0000000000002b30       0x20 ../../build//libvmlib.a(wasm_runtime_common.c.o)
                0x0000000000002b30                wasm_runtime_create_exec_env_singleton
 .text.wasm_runtime_get_exec_env_singleton
                0x0000000000002b50       0x2c ../../build//libvmlib.a(wasm_runtime_common.c.o)
                0x0000000000002b50                wasm_runtime_get_exec_env_singleton
 *fill*         0x0000000000002b7c        0x4 
 .text.wasm_runtime_set_exception
                0x0000000000002b80       0x1c ../../build//libvmlib.a(wasm_runtime_common.c.o)
                0x0000000000002b80                wasm_runtime_set_exception
 *fill*         0x0000000000002b9c        0x4 
 .text.wasm_runtime_get_indirect_function
                0x0000000000002ba0       0xc0 ../../build//libvmlib.a(wasm_runtime_common.c.o)
                0x0000000000002ba0                wasm_runtime_get_indirect_function
 .text.wasm_runtime_call_wasm_a
                0x0000000000002c60      0x340 ../../build//libvmlib.a(wasm_runtime_common.c.o)
                0x0000000000002c60                wasm_runtime_call_wasm_a
 .text.wasm_runtime_call_wasm_v
                0x0000000000002fa0      0x354 ../../build//libvmlib.a(wasm_runtime_common.c.o)
                0x0000000000002fa0                wasm_runtime_call_wasm_v
 *fill*         0x00000000000032f4        0x4 
 .text.wasm_runtime_get_exception
                0x00000000000032f8       0x20 ../../build//libvmlib.a(wasm_runtime_common.c.o)
                0x00000000000032f8                wasm_runtime_get_exception
 .text.wasm_runtime_clear_exception
                0x0000000000003318        0x8 ../../build//libvmlib.a(wasm_runtime_common.c.o)
                0x0000000000003318                wasm_runtime_clear_exception
 .text.wasm_runtime_set_custom_data_internal
                0x0000000000003320       0x24 ../../build//libvmlib.a(wasm_runtime_common.c.o)
                0x0000000000003320                wasm_runtime_set_custom_data_internal
 *fill*         0x0000000000003344        0x4 
 .text.wasm_runtime_set_custom_data
                0x0000000000003348       0x24 ../../build//libvmlib.a(wasm_runtime_common.c.o)
                0x0000000000003348                wasm_runtime_set_custom_data
 *fill*         0x000000000000336c        0x4 
 .text.wasm_runtime_get_custom_data
                0x0000000000003370       0x2c ../../build//libvmlib.a(wasm_runtime_common.c.o)
                0x0000000000003370                wasm_runtime_get_custom_data
 *fill*         0x000000000000339c        0x4 
 .text.wasm_runtime_module_malloc
                0x00000000000033a0       0x20 ../../build//libvmlib.a(wasm_runtime_common.c.o)
                0x00000000000033a0                wasm_runtime_module_malloc
 .text.wasm_runtime_module_realloc
                0x00000000000033c0       0x20 ../../build//libvmlib.a(wasm_runtime_common.c.o)
                0x00000000000033c0                wasm_runtime_module_realloc
 .text.wasm_runtime_module_free
                0x00000000000033e0       0x1c ../../build//libvmlib.a(wasm_runtime_common.c.o)
                0x00000000000033e0                wasm_runtime_module_free
 *fill*         0x00000000000033fc        0x4 
 .text.wasm_runtime_module_dup_data
                0x0000000000003400       0x20 ../../build//libvmlib.a(wasm_runtime_common.c.o)
                0x0000000000003400                wasm_runtime_module_dup_data
 .text.wasm_runtime_validate_app_addr
                0x0000000000003420       0x20 ../../build//libvmlib.a(wasm_runtime_common.c.o)
                0x0000000000003420                wasm_runtime_validate_app_addr
 .text.wasm_runtime_validate_native_addr
                0x0000000000003440       0x20 ../../build//libvmlib.a(wasm_runtime_common.c.o)
                0x0000000000003440                wasm_runtime_validate_native_addr
 .text.wasm_runtime_addr_app_to_native
                0x0000000000003460       0x20 ../../build//libvmlib.a(wasm_runtime_common.c.o)
                0x0000000000003460                wasm_runtime_addr_app_to_native
 .text.wasm_runtime_addr_native_to_app
                0x0000000000003480       0x20 ../../build//libvmlib.a(wasm_runtime_common.c.o)
                0x0000000000003480                wasm_runtime_addr_native_to_app
 .text.wasm_runtime_get_app_addr_range
                0x00000000000034a0       0x20 ../../build//libvmlib.a(wasm_runtime_common.c.o)
                0x00000000000034a0                wasm_runtime_get_app_addr_range
 .text.wasm_runtime_validate_app_str_addr
                0x00000000000034c0       0xa8 ../../build//libvmlib.a(wasm_runtime_common.c.o)
                0x00000000000034c0                wasm_runtime_validate_app_str_addr
 .text.wasm_runtime_get_native_addr_range
                0x0000000000003568       0x20 ../../build//libvmlib.a(wasm_runtime_common.c.o)
                0x0000000000003568                wasm_runtime_get_native_addr_range
 .text.wasm_runtime_get_temp_ret
                0x0000000000003588       0x2c ../../build//libvmlib.a(wasm_runtime_common.c.o)
                0x0000000000003588                wasm_runtime_get_temp_ret
 *fill*         0x00000000000035b4        0x4 
 .text.wasm_runtime_set_temp_ret
                0x00000000000035b8       0x24 ../../build//libvmlib.a(wasm_runtime_common.c.o)
                0x00000000000035b8                wasm_runtime_set_temp_ret
 *fill*         0x00000000000035dc        0x4 
 .text.wasm_runtime_get_llvm_stack
                0x00000000000035e0       0x2c ../../build//libvmlib.a(wasm_runtime_common.c.o)
                0x00000000000035e0                wasm_runtime_get_llvm_stack
 *fill*         0x000000000000360c        0x4 
 .text.wasm_runtime_set_llvm_stack
                0x0000000000003610       0x24 ../../build//libvmlib.a(wasm_runtime_common.c.o)
                0x0000000000003610                wasm_runtime_set_llvm_stack
 *fill*         0x0000000000003634        0x4 
 .text.wasm_runtime_enlarge_memory
                0x0000000000003638       0x20 ../../build//libvmlib.a(wasm_runtime_common.c.o)
                0x0000000000003638                wasm_runtime_enlarge_memory
 .text.wasm_runtime_set_wasi_args_ex
                0x0000000000003658       0x60 ../../build//libvmlib.a(wasm_runtime_common.c.o)
                0x0000000000003658                wasm_runtime_set_wasi_args_ex
 .text.wasm_runtime_set_wasi_args
                0x00000000000036b8       0x34 ../../build//libvmlib.a(wasm_runtime_common.c.o)
                0x00000000000036b8                wasm_runtime_set_wasi_args
 *fill*         0x00000000000036ec        0x4 
 .text.wasm_runtime_init_wasi
                0x00000000000036f0      0x64c ../../build//libvmlib.a(wasm_runtime_common.c.o)
                0x00000000000036f0                wasm_runtime_init_wasi
 *fill*         0x0000000000003d3c        0x4 
 .text.wasm_runtime_is_wasi_mode
                0x0000000000003d40       0x30 ../../build//libvmlib.a(wasm_runtime_common.c.o)
                0x0000000000003d40                wasm_runtime_is_wasi_mode
 .text.wasm_runtime_lookup_wasi_start_function
                0x0000000000003d70      0x134 ../../build//libvmlib.a(wasm_runtime_common.c.o)
                0x0000000000003d70                wasm_runtime_lookup_wasi_start_function
 *fill*         0x0000000000003ea4        0x4 
 .text.wasm_runtime_destroy_wasi
                0x0000000000003ea8       0xb4 ../../build//libvmlib.a(wasm_runtime_common.c.o)
                0x0000000000003ea8                wasm_runtime_destroy_wasi
 *fill*         0x0000000000003f5c        0x4 
 .text.wasm_runtime_get_wasi_ctx
                0x0000000000003f60       0x2c ../../build//libvmlib.a(wasm_runtime_common.c.o)
                0x0000000000003f60                wasm_runtime_get_wasi_ctx
 *fill*         0x0000000000003f8c        0x4 
 .text.wasm_runtime_set_wasi_ctx
                0x0000000000003f90       0x20 ../../build//libvmlib.a(wasm_runtime_common.c.o)
                0x0000000000003f90                wasm_runtime_set_wasi_ctx
 .text.wasm_exec_env_get_module
                0x0000000000003fb0       0x44 ../../build//libvmlib.a(wasm_runtime_common.c.o)
                0x0000000000003fb0                wasm_exec_env_get_module
 *fill*         0x0000000000003ff4        0x4 
 .text.wasm_runtime_register_natives
                0x0000000000003ff8        0x4 ../../build//libvmlib.a(wasm_runtime_common.c.o)
                0x0000000000003ff8                wasm_runtime_register_natives
 *fill*         0x0000000000003ffc        0x4 
 .text.wasm_runtime_full_init
                0x0000000000004000       0x88 ../../build//libvmlib.a(wasm_runtime_common.c.o)
                0x0000000000004000                wasm_runtime_full_init
 .text.wasm_runtime_register_natives_raw
                0x0000000000004088        0x4 ../../build//libvmlib.a(wasm_runtime_common.c.o)
                0x0000000000004088                wasm_runtime_register_natives_raw
 *fill*         0x000000000000408c        0x4 
 .text.wasm_runtime_invoke_native_raw
                0x0000000000004090      0x29c ../../build//libvmlib.a(wasm_runtime_common.c.o)
                0x0000000000004090                wasm_runtime_invoke_native_raw
 *fill*         0x000000000000432c        0x4 
 .text.wasm_runtime_invoke_native
                0x0000000000004330      0x434 ../../build//libvmlib.a(wasm_runtime_common.c.o)
                0x0000000000004330                wasm_runtime_invoke_native
 *fill*         0x0000000000004764        0x4 
 .text.wasm_runtime_call_indirect
                0x0000000000004768       0xa8 ../../build//libvmlib.a(wasm_runtime_common.c.o)
                0x0000000000004768                wasm_runtime_call_indirect
 .text.wasm_runtime_read_v128
                0x0000000000004810       0x64 ../../build//libvmlib.a(wasm_runtime_common.c.o)
                0x0000000000004810                wasm_runtime_read_v128
 *fill*         0x0000000000004874        0x4 
 .text.wasm_runtime_get_export_func_type
                0x0000000000004878       0xb4 ../../build//libvmlib.a(wasm_runtime_common.c.o)
                0x0000000000004878                wasm_runtime_get_export_func_type
 *fill*         0x000000000000492c        0x4 
 .text.wasm_runtime_get_export_global_type
                0x0000000000004930       0xc4 ../../build//libvmlib.a(wasm_runtime_common.c.o)
                0x0000000000004930                wasm_runtime_get_export_global_type
 *fill*         0x00000000000049f4        0x4 
 .text.wasm_runtime_get_export_memory_type
                0x00000000000049f8       0xbc ../../build//libvmlib.a(wasm_runtime_common.c.o)
                0x00000000000049f8                wasm_runtime_get_export_memory_type
 *fill*         0x0000000000004ab4        0x4 
 .text.wasm_runtime_get_export_table_type
                0x0000000000004ab8       0xec ../../build//libvmlib.a(wasm_runtime_common.c.o)
                0x0000000000004ab8                wasm_runtime_get_export_table_type
 *fill*         0x0000000000004ba4        0x4 
 .text.wasm_runtime_get_memory_data
                0x0000000000004ba8       0x3c ../../build//libvmlib.a(wasm_runtime_common.c.o)
                0x0000000000004ba8                wasm_runtime_get_memory_data
 *fill*         0x0000000000004be4        0x4 
 .text.wasm_runtime_get_memory_data_size
                0x0000000000004be8       0x44 ../../build//libvmlib.a(wasm_runtime_common.c.o)
                0x0000000000004be8                wasm_runtime_get_memory_data_size
 *fill*         0x0000000000004c2c        0x4 
 .text.wasm_runtime_invoke_c_api_native
                0x0000000000004c30      0x36c ../../build//libvmlib.a(wasm_runtime_common.c.o)
                0x0000000000004c30                wasm_runtime_invoke_c_api_native
 *fill*         0x0000000000004f9c        0x4 
 .text.tzio_periph_to_io_signal_no
                0x0000000000004fa0       0x44 ../../build//libvmlib.a(tz_io_sigtable.c.o)
                0x0000000000004fa0                tzio_periph_to_io_signal_no
 *fill*         0x0000000000004fe4        0x4 
 .text.get_ready_signal
                0x0000000000004fe8      0x1bc ../../build//libvmlib.a(tz_io_sigtable.c.o)
                0x0000000000004fe8                get_ready_signal
 *fill*         0x00000000000051a4        0x4 
 .text.all_signal_handled
                0x00000000000051a8       0x14 ../../build//libvmlib.a(tz_io_sigtable.c.o)
                0x00000000000051a8                all_signal_handled
 *fill*         0x00000000000051bc        0x4 
 .text.tzio_reset_poll_times
                0x00000000000051c0        0xc ../../build//libvmlib.a(tz_io_sigtable.c.o)
                0x00000000000051c0                tzio_reset_poll_times
 *fill*         0x00000000000051cc        0x4 
 .text.tzio_get_poll_times
                0x00000000000051d0        0xc ../../build//libvmlib.a(tz_io_sigtable.c.o)
                0x00000000000051d0                tzio_get_poll_times
 *fill*         0x00000000000051dc        0x4 
 .text.tzio_reset_profile_times
                0x00000000000051e0        0xc ../../build//libvmlib.a(tz_io_sigtable.c.o)
                0x00000000000051e0                tzio_reset_profile_times
 *fill*         0x00000000000051ec        0x4 
 .text.tzio_get_profile_times
                0x00000000000051f0        0xc ../../build//libvmlib.a(tz_io_sigtable.c.o)
                0x00000000000051f0                tzio_get_profile_times
 *fill*         0x00000000000051fc        0x4 
 .text.temp_unset_all_io_signal_pending
                0x0000000000005200       0x24 ../../build//libvmlib.a(tz_io_sigtable.c.o)
                0x0000000000005200                temp_unset_all_io_signal_pending
 *fill*         0x0000000000005224        0x4 
 .text.temp_recover_all_io_signal_pending
                0x0000000000005228       0x1c ../../build//libvmlib.a(tz_io_sigtable.c.o)
                0x0000000000005228                temp_recover_all_io_signal_pending
 *fill*         0x0000000000005244        0x4 
 .text.tzio_register_handler
                0x0000000000005248      0x154 ../../build//libvmlib.a(tz_io_sigtable.c.o)
                0x0000000000005248                tzio_register_handler
 *fill*         0x000000000000539c        0x4 
 .text.tzio_periph_to_io_helper_uuid
                0x00000000000053a0       0x3c ../../build//libvmlib.a(tz_periph_io_helper.c.o)
                0x00000000000053a0                tzio_periph_to_io_helper_uuid
 *fill*         0x00000000000053dc        0x4 
 .text.tzio_signo_to_io_helper_uuid
                0x00000000000053e0       0x38 ../../build//libvmlib.a(tz_periph_io_helper.c.o)
                0x00000000000053e0                tzio_signo_to_io_helper_uuid
 .text.set_error_buf_v.constprop.0
                0x0000000000005418       0xb8 ../../build//libvmlib.a(wasm_runtime.c.o)
 .text.memory_instantiate.isra.0
                0x00000000000054d0      0x3ec ../../build//libvmlib.a(wasm_runtime.c.o)
 *fill*         0x00000000000058bc        0x4 
 .text.wasm_load
                0x00000000000058c0        0x4 ../../build//libvmlib.a(wasm_runtime.c.o)
                0x00000000000058c0                wasm_load
 *fill*         0x00000000000058c4        0x4 
 .text.wasm_load_from_sections
                0x00000000000058c8        0x4 ../../build//libvmlib.a(wasm_runtime.c.o)
                0x00000000000058c8                wasm_load_from_sections
 *fill*         0x00000000000058cc        0x4 
 .text.wasm_unload
                0x00000000000058d0        0x4 ../../build//libvmlib.a(wasm_runtime.c.o)
                0x00000000000058d0                wasm_unload
 *fill*         0x00000000000058d4        0x4 
 .text.wasm_deinstantiate
                0x00000000000058d8      0x124 ../../build//libvmlib.a(wasm_runtime.c.o)
                0x00000000000058d8                wasm_deinstantiate
 *fill*         0x00000000000059fc        0x4 
 .text.wasm_lookup_function
                0x0000000000005a00       0x7c ../../build//libvmlib.a(wasm_runtime.c.o)
                0x0000000000005a00                wasm_lookup_function
 *fill*         0x0000000000005a7c        0x4 
 .text.wasm_call_function
                0x0000000000005a80       0xe0 ../../build//libvmlib.a(wasm_runtime.c.o)
                0x0000000000005a80                wasm_call_function
 .text.wasm_create_exec_env_and_call_function
                0x0000000000005b60      0x128 ../../build//libvmlib.a(wasm_runtime.c.o)
                0x0000000000005b60                wasm_create_exec_env_and_call_function
 .text.wasm_instantiate
                0x0000000000005c88     0x1088 ../../build//libvmlib.a(wasm_runtime.c.o)
                0x0000000000005c88                wasm_instantiate
 .text.wasm_create_exec_env_singleton
                0x0000000000006d10       0x34 ../../build//libvmlib.a(wasm_runtime.c.o)
                0x0000000000006d10                wasm_create_exec_env_singleton
 *fill*         0x0000000000006d44        0x4 
 .text.wasm_set_exception
                0x0000000000006d48       0x24 ../../build//libvmlib.a(wasm_runtime.c.o)
                0x0000000000006d48                wasm_set_exception
 *fill*         0x0000000000006d6c        0x4 
 .text.wasm_get_exception
                0x0000000000006d70       0x10 ../../build//libvmlib.a(wasm_runtime.c.o)
                0x0000000000006d70                wasm_get_exception
 .text.wasm_module_malloc
                0x0000000000006d80      0x1a4 ../../build//libvmlib.a(wasm_runtime.c.o)
                0x0000000000006d80                wasm_module_malloc
 *fill*         0x0000000000006f24        0x4 
 .text.wasm_module_realloc
                0x0000000000006f28       0xe8 ../../build//libvmlib.a(wasm_runtime.c.o)
                0x0000000000006f28                wasm_module_realloc
 .text.wasm_module_free
                0x0000000000007010       0x94 ../../build//libvmlib.a(wasm_runtime.c.o)
                0x0000000000007010                wasm_module_free
 *fill*         0x00000000000070a4        0x4 
 .text.wasm_module_dup_data
                0x00000000000070a8      0x1fc ../../build//libvmlib.a(wasm_runtime.c.o)
                0x00000000000070a8                wasm_module_dup_data
 *fill*         0x00000000000072a4        0x4 
 .text.wasm_validate_app_addr
                0x00000000000072a8       0x64 ../../build//libvmlib.a(wasm_runtime.c.o)
                0x00000000000072a8                wasm_validate_app_addr
 *fill*         0x000000000000730c        0x4 
 .text.wasm_validate_native_addr
                0x0000000000007310       0x60 ../../build//libvmlib.a(wasm_runtime.c.o)
                0x0000000000007310                wasm_validate_native_addr
 .text.wasm_addr_app_to_native
                0x0000000000007370       0x30 ../../build//libvmlib.a(wasm_runtime.c.o)
                0x0000000000007370                wasm_addr_app_to_native
 .text.wasm_addr_native_to_app
                0x00000000000073a0       0x34 ../../build//libvmlib.a(wasm_runtime.c.o)
                0x00000000000073a0                wasm_addr_native_to_app
 *fill*         0x00000000000073d4        0x4 
 .text.wasm_get_app_addr_range
                0x00000000000073d8       0x40 ../../build//libvmlib.a(wasm_runtime.c.o)
                0x00000000000073d8                wasm_get_app_addr_range
 .text.wasm_get_native_addr_range
                0x0000000000007418       0x4c ../../build//libvmlib.a(wasm_runtime.c.o)
                0x0000000000007418                wasm_get_native_addr_range
 *fill*         0x0000000000007464        0x4 
 .text.wasm_enlarge_memory
                0x0000000000007468      0x134 ../../build//libvmlib.a(wasm_runtime.c.o)
                0x0000000000007468                wasm_enlarge_memory
 *fill*         0x000000000000759c        0x4 
 .text.wasm_get_indirect_function
                0x00000000000075a0       0xe8 ../../build//libvmlib.a(wasm_runtime.c.o)
                0x00000000000075a0                wasm_get_indirect_function
 .text.wasm_call_indirect
                0x0000000000007688      0x188 ../../build//libvmlib.a(wasm_runtime.c.o)
                0x0000000000007688                wasm_call_indirect
 .text.wasm_string_equal
                0x0000000000007810       0x1c ../../build//libvmlib.a(aot_loader.c.o)
 *fill*         0x000000000000782c        0x4 
 .text.wasm_string_hash
                0x0000000000007830       0x44 ../../build//libvmlib.a(aot_loader.c.o)
 *fill*         0x0000000000007874        0x4 
 .text.set_error_buf_v
                0x0000000000007878       0xb0 ../../build//libvmlib.a(aot_loader.c.o)
 .text.const_str_set_insert.isra.0
                0x0000000000007928      0x12c ../../build//libvmlib.a(aot_loader.c.o)
 *fill*         0x0000000000007a54        0x4 
 .text.load_init_data_section
                0x0000000000007a58     0x15a4 ../../build//libvmlib.a(aot_loader.c.o)
 *fill*         0x0000000000008ffc        0x4 
 .text.load_from_sections
                0x0000000000009000     0x1990 ../../build//libvmlib.a(aot_loader.c.o)
 .text.aot_unload
                0x000000000000a990      0x22c ../../build//libvmlib.a(aot_loader.c.o)
                0x000000000000a990                aot_unload
 *fill*         0x000000000000abbc        0x4 
 .text.aot_load_from_sections
                0x000000000000abc0      0x12c ../../build//libvmlib.a(aot_loader.c.o)
                0x000000000000abc0                aot_load_from_sections
 *fill*         0x000000000000acec        0x4 
 .text.aot_load_from_aot_file
                0x000000000000acf0      0x4bc ../../build//libvmlib.a(aot_loader.c.o)
                0x000000000000acf0                aot_load_from_aot_file
 *fill*         0x000000000000b1ac        0x4 
 .text.aot_get_plt_table_size
                0x000000000000b1b0        0x4 ../../build//libvmlib.a(aot_loader.c.o)
                0x000000000000b1b0                aot_get_plt_table_size
 *fill*         0x000000000000b1b4        0x4 
 .text.set_error_buf_v.constprop.0
                0x000000000000b1b8       0xb8 ../../build//libvmlib.a(aot_runtime.c.o)
 .text.aot_next_tbl_inst
                0x000000000000b270       0x14 ../../build//libvmlib.a(aot_runtime.c.o)
                0x000000000000b270                aot_next_tbl_inst
 *fill*         0x000000000000b284        0x4 
 .text.aot_create_exec_env_singleton
                0x000000000000b288       0x34 ../../build//libvmlib.a(aot_runtime.c.o)
                0x000000000000b288                aot_create_exec_env_singleton
 *fill*         0x000000000000b2bc        0x4 
 .text.aot_deinstantiate
                0x000000000000b2c0       0xbc ../../build//libvmlib.a(aot_runtime.c.o)
                0x000000000000b2c0                aot_deinstantiate
 *fill*         0x000000000000b37c        0x4 
 .text.aot_lookup_function
                0x000000000000b380       0x88 ../../build//libvmlib.a(aot_runtime.c.o)
                0x000000000000b380                aot_lookup_function
 .text.aot_call_function
                0x000000000000b408      0x460 ../../build//libvmlib.a(aot_runtime.c.o)
                0x000000000000b408                aot_call_function
 .text.aot_instantiate
                0x000000000000b868     0x1124 ../../build//libvmlib.a(aot_runtime.c.o)
                0x000000000000b868                aot_instantiate
 *fill*         0x000000000000c98c        0x4 
 .text.aot_create_exec_env_and_call_function
                0x000000000000c990       0xa0 ../../build//libvmlib.a(aot_runtime.c.o)
                0x000000000000c990                aot_create_exec_env_and_call_function
 .text.aot_set_exception
                0x000000000000ca30       0x24 ../../build//libvmlib.a(aot_runtime.c.o)
                0x000000000000ca30                aot_set_exception
 *fill*         0x000000000000ca54        0x4 
 .text.aot_set_exception_with_id
                0x000000000000ca58      0x250 ../../build//libvmlib.a(aot_runtime.c.o)
                0x000000000000ca58                aot_set_exception_with_id
 .text.aot_get_exception
                0x000000000000cca8       0x10 ../../build//libvmlib.a(aot_runtime.c.o)
                0x000000000000cca8                aot_get_exception
 .text.aot_clear_exception
                0x000000000000ccb8        0x8 ../../build//libvmlib.a(aot_runtime.c.o)
                0x000000000000ccb8                aot_clear_exception
 .text.aot_poll_ready_signal
                0x000000000000ccc0       0xc4 ../../build//libvmlib.a(aot_runtime.c.o)
                0x000000000000ccc0                aot_poll_ready_signal
 *fill*         0x000000000000cd84        0x4 
 .text.aot_module_malloc
                0x000000000000cd88      0x324 ../../build//libvmlib.a(aot_runtime.c.o)
                0x000000000000cd88                aot_module_malloc
 *fill*         0x000000000000d0ac        0x4 
 .text.aot_module_realloc
                0x000000000000d0b0       0xe8 ../../build//libvmlib.a(aot_runtime.c.o)
                0x000000000000d0b0                aot_module_realloc
 .text.aot_module_free
                0x000000000000d198      0x1ac ../../build//libvmlib.a(aot_runtime.c.o)
                0x000000000000d198                aot_module_free
 *fill*         0x000000000000d344        0x4 
 .text.aot_module_dup_data
                0x000000000000d348       0xac ../../build//libvmlib.a(aot_runtime.c.o)
                0x000000000000d348                aot_module_dup_data
 *fill*         0x000000000000d3f4        0x4 
 .text.aot_validate_app_addr
                0x000000000000d3f8       0x60 ../../build//libvmlib.a(aot_runtime.c.o)
                0x000000000000d3f8                aot_validate_app_addr
 .text.aot_validate_native_addr
                0x000000000000d458       0x68 ../../build//libvmlib.a(aot_runtime.c.o)
                0x000000000000d458                aot_validate_native_addr
 .text.aot_addr_app_to_native
                0x000000000000d4c0       0x38 ../../build//libvmlib.a(aot_runtime.c.o)
                0x000000000000d4c0                aot_addr_app_to_native
 .text.aot_addr_native_to_app
                0x000000000000d4f8       0x3c ../../build//libvmlib.a(aot_runtime.c.o)
                0x000000000000d4f8                aot_addr_native_to_app
 *fill*         0x000000000000d534        0x4 
 .text.aot_get_app_addr_range
                0x000000000000d538       0x44 ../../build//libvmlib.a(aot_runtime.c.o)
                0x000000000000d538                aot_get_app_addr_range
 *fill*         0x000000000000d57c        0x4 
 .text.aot_get_native_addr_range
                0x000000000000d580       0x54 ../../build//libvmlib.a(aot_runtime.c.o)
                0x000000000000d580                aot_get_native_addr_range
 *fill*         0x000000000000d5d4        0x4 
 .text.aot_enlarge_memory
                0x000000000000d5d8      0x168 ../../build//libvmlib.a(aot_runtime.c.o)
                0x000000000000d5d8                aot_enlarge_memory
 .text.aot_is_wasm_type_equal
                0x000000000000d740       0xac ../../build//libvmlib.a(aot_runtime.c.o)
                0x000000000000d740                aot_is_wasm_type_equal
 *fill*         0x000000000000d7ec        0x4 
 .text.aot_invoke_native
                0x000000000000d7f0      0x130 ../../build//libvmlib.a(aot_runtime.c.o)
                0x000000000000d7f0                aot_invoke_native
 .text.aot_get_indirect_function
                0x000000000000d920       0xf4 ../../build//libvmlib.a(aot_runtime.c.o)
                0x000000000000d920                aot_get_indirect_function
 *fill*         0x000000000000da14        0x4 
 .text.aot_call_indirect
                0x000000000000da18      0x5d8 ../../build//libvmlib.a(aot_runtime.c.o)
                0x000000000000da18                aot_call_indirect
 .text.aot_memmove
                0x000000000000dff0        0x4 ../../build//libvmlib.a(aot_runtime.c.o)
                0x000000000000dff0                aot_memmove
 *fill*         0x000000000000dff4        0x4 
 .text.aot_memset
                0x000000000000dff8        0x4 ../../build//libvmlib.a(aot_runtime.c.o)
                0x000000000000dff8                aot_memset
 *fill*         0x000000000000dffc        0x4 
 .text.get_target_symbol_map
                0x000000000000e000       0x18 ../../build//libvmlib.a(aot_reloc_aarch64.c.o)
                0x000000000000e000                get_target_symbol_map
 .text.get_current_target
                0x000000000000e018      0x2c4 ../../build//libvmlib.a(aot_reloc_aarch64.c.o)
                0x000000000000e018                get_current_target
 *fill*         0x000000000000e2dc        0x4 
 .text.init_plt_table
                0x000000000000e2e0       0x48 ../../build//libvmlib.a(aot_reloc_aarch64.c.o)
                0x000000000000e2e0                init_plt_table
 .text.get_plt_table_size
                0x000000000000e328        0x8 ../../build//libvmlib.a(aot_reloc_aarch64.c.o)
                0x000000000000e328                get_plt_table_size
 .text.apply_relocation
                0x000000000000e330      0x454 ../../build//libvmlib.a(aot_reloc_aarch64.c.o)
                0x000000000000e330                apply_relocation
 *fill*         0x000000000000e784        0x4 
 .text.__errno_location
                0x000000000000e788        0xc ../../build//libvmlib.a(tz_pthread.c.o)
                0x000000000000e788                __errno_location
 *fill*         0x000000000000e794        0x4 
 .text.pthread_cond_destroy
                0x000000000000e798        0x8 ../../build//libvmlib.a(tz_pthread.c.o)
                0x000000000000e798                pthread_cond_destroy
 .text.pthread_cond_init
                0x000000000000e7a0        0x8 ../../build//libvmlib.a(tz_pthread.c.o)
                0x000000000000e7a0                pthread_cond_init
 .text.pthread_cond_signal
                0x000000000000e7a8        0x8 ../../build//libvmlib.a(tz_pthread.c.o)
                0x000000000000e7a8                pthread_cond_signal
 .text.pthread_cond_timedwait
                0x000000000000e7b0        0x8 ../../build//libvmlib.a(tz_pthread.c.o)
                0x000000000000e7b0                pthread_cond_timedwait
 .text.pthread_cond_wait
                0x000000000000e7b8        0x8 ../../build//libvmlib.a(tz_pthread.c.o)
                0x000000000000e7b8                pthread_cond_wait
 .text.pthread_mutex_destroy
                0x000000000000e7c0        0x8 ../../build//libvmlib.a(tz_pthread.c.o)
                0x000000000000e7c0                pthread_mutex_destroy
 .text.pthread_mutex_init
                0x000000000000e7c8        0x8 ../../build//libvmlib.a(tz_pthread.c.o)
                0x000000000000e7c8                pthread_mutex_init
 .text.pthread_mutex_lock
                0x000000000000e7d0        0x8 ../../build//libvmlib.a(tz_pthread.c.o)
                0x000000000000e7d0                pthread_mutex_lock
 .text.pthread_mutex_unlock
                0x000000000000e7d8        0x8 ../../build//libvmlib.a(tz_pthread.c.o)
                0x000000000000e7d8                pthread_mutex_unlock
 .text.pthread_rwlock_destroy
                0x000000000000e7e0        0x8 ../../build//libvmlib.a(tz_pthread.c.o)
                0x000000000000e7e0                pthread_rwlock_destroy
 .text.pthread_rwlock_init
                0x000000000000e7e8        0x8 ../../build//libvmlib.a(tz_pthread.c.o)
                0x000000000000e7e8                pthread_rwlock_init
 .text.pthread_rwlock_rdlock
                0x000000000000e7f0        0x8 ../../build//libvmlib.a(tz_pthread.c.o)
                0x000000000000e7f0                pthread_rwlock_rdlock
 .text.pthread_rwlock_unlock
                0x000000000000e7f8        0x8 ../../build//libvmlib.a(tz_pthread.c.o)
                0x000000000000e7f8                pthread_rwlock_unlock
 .text.pthread_rwlock_wrlock
                0x000000000000e800        0x8 ../../build//libvmlib.a(tz_pthread.c.o)
                0x000000000000e800                pthread_rwlock_wrlock
 .text.sqrt     0x000000000000e808      0x218 ../../build//libvmlib.a(math.c.o)
                0x000000000000e808                sqrt
 .text.floor    0x000000000000ea20      0x140 ../../build//libvmlib.a(math.c.o)
                0x000000000000ea20                floor
 .text.ceil     0x000000000000eb60      0x138 ../../build//libvmlib.a(math.c.o)
                0x000000000000eb60                ceil
 .text.fmin     0x000000000000ec98        0xc ../../build//libvmlib.a(math.c.o)
                0x000000000000ec98                fmin
 *fill*         0x000000000000eca4        0x4 
 .text.fmax     0x000000000000eca8        0xc ../../build//libvmlib.a(math.c.o)
                0x000000000000eca8                fmax
 *fill*         0x000000000000ecb4        0x4 
 .text.rint     0x000000000000ecb8      0x158 ../../build//libvmlib.a(math.c.o)
                0x000000000000ecb8                rint
 .text.fabs     0x000000000000ee10       0x10 ../../build//libvmlib.a(math.c.o)
                0x000000000000ee10                fabs
 .text.isnan    0x000000000000ee20       0x2c ../../build//libvmlib.a(math.c.o)
                0x000000000000ee20                isnan
 *fill*         0x000000000000ee4c        0x4 
 .text.trunc    0x000000000000ee50      0x220 ../../build//libvmlib.a(math.c.o)
                0x000000000000ee50                trunc
 .text.signbit  0x000000000000f070        0xc ../../build//libvmlib.a(math.c.o)
                0x000000000000f070                signbit
 *fill*         0x000000000000f07c        0x4 
 .text.truncf   0x000000000000f080       0x80 ../../build//libvmlib.a(math.c.o)
                0x000000000000f080                truncf
 .text.rintf    0x000000000000f100       0x78 ../../build//libvmlib.a(math.c.o)
                0x000000000000f100                rintf
 .text.ceilf    0x000000000000f178       0xa8 ../../build//libvmlib.a(math.c.o)
                0x000000000000f178                ceilf
 .text.floorf   0x000000000000f220       0xa4 ../../build//libvmlib.a(math.c.o)
                0x000000000000f220                floorf
 *fill*         0x000000000000f2c4        0x4 
 .text.fminf    0x000000000000f2c8       0xa0 ../../build//libvmlib.a(math.c.o)
                0x000000000000f2c8                fminf
 .text.fmaxf    0x000000000000f368       0xa0 ../../build//libvmlib.a(math.c.o)
                0x000000000000f368                fmaxf
 .text.mem_allocator_create
                0x000000000000f408        0x4 ../../build//libvmlib.a(mem_alloc.c.o)
                0x000000000000f408                mem_allocator_create
 *fill*         0x000000000000f40c        0x4 
 .text.mem_allocator_create_with_struct_and_pool
                0x000000000000f410        0x4 ../../build//libvmlib.a(mem_alloc.c.o)
                0x000000000000f410                mem_allocator_create_with_struct_and_pool
 *fill*         0x000000000000f414        0x4 
 .text.mem_allocator_destroy
                0x000000000000f418        0x4 ../../build//libvmlib.a(mem_alloc.c.o)
                0x000000000000f418                mem_allocator_destroy
 *fill*         0x000000000000f41c        0x4 
 .text.mem_allocator_get_heap_struct_size
                0x000000000000f420        0x4 ../../build//libvmlib.a(mem_alloc.c.o)
                0x000000000000f420                mem_allocator_get_heap_struct_size
 *fill*         0x000000000000f424        0x4 
 .text.mem_allocator_malloc
                0x000000000000f428        0x4 ../../build//libvmlib.a(mem_alloc.c.o)
                0x000000000000f428                mem_allocator_malloc
 *fill*         0x000000000000f42c        0x4 
 .text.mem_allocator_realloc
                0x000000000000f430        0x4 ../../build//libvmlib.a(mem_alloc.c.o)
                0x000000000000f430                mem_allocator_realloc
 *fill*         0x000000000000f434        0x4 
 .text.mem_allocator_free
                0x000000000000f438        0xc ../../build//libvmlib.a(mem_alloc.c.o)
                0x000000000000f438                mem_allocator_free
 *fill*         0x000000000000f444        0x4 
 .text.mem_allocator_migrate
                0x000000000000f448        0x4 ../../build//libvmlib.a(mem_alloc.c.o)
                0x000000000000f448                mem_allocator_migrate
 *fill*         0x000000000000f44c        0x4 
 .text.mem_allocator_is_heap_corrupted
                0x000000000000f450        0x4 ../../build//libvmlib.a(mem_alloc.c.o)
                0x000000000000f450                mem_allocator_is_heap_corrupted
 *fill*         0x000000000000f454        0x4 
 .text.b_memcpy_s
                0x000000000000f458       0x64 ../../build//libvmlib.a(bh_common.c.o)
                0x000000000000f458                b_memcpy_s
 *fill*         0x000000000000f4bc        0x4 
 .text.b_memmove_s
                0x000000000000f4c0       0x64 ../../build//libvmlib.a(bh_common.c.o)
                0x000000000000f4c0                b_memmove_s
 *fill*         0x000000000000f524        0x4 
 .text.b_strcat_s
                0x000000000000f528       0x80 ../../build//libvmlib.a(bh_common.c.o)
                0x000000000000f528                b_strcat_s
 .text.b_strcpy_s
                0x000000000000f5a8       0x70 ../../build//libvmlib.a(bh_common.c.o)
                0x000000000000f5a8                b_strcpy_s
 .text.bh_strdup
                0x000000000000f618       0x80 ../../build//libvmlib.a(bh_common.c.o)
                0x000000000000f618                bh_strdup
 .text.wa_strdup
                0x000000000000f698       0x80 ../../build//libvmlib.a(bh_common.c.o)
                0x000000000000f698                wa_strdup
 .text.bh_hash_map_create
                0x000000000000f718      0x178 ../../build//libvmlib.a(bh_hashmap.c.o)
                0x000000000000f718                bh_hash_map_create
 .text.bh_hash_map_insert
                0x000000000000f890      0x14c ../../build//libvmlib.a(bh_hashmap.c.o)
                0x000000000000f890                bh_hash_map_insert
 *fill*         0x000000000000f9dc        0x4 
 .text.bh_hash_map_find
                0x000000000000f9e0       0xe4 ../../build//libvmlib.a(bh_hashmap.c.o)
                0x000000000000f9e0                bh_hash_map_find
 *fill*         0x000000000000fac4        0x4 
 .text.bh_hash_map_update
                0x000000000000fac8      0x130 ../../build//libvmlib.a(bh_hashmap.c.o)
                0x000000000000fac8                bh_hash_map_update
 .text.bh_hash_map_remove
                0x000000000000fbf8      0x160 ../../build//libvmlib.a(bh_hashmap.c.o)
                0x000000000000fbf8                bh_hash_map_remove
 .text.bh_hash_map_destroy
                0x000000000000fd58       0xf0 ../../build//libvmlib.a(bh_hashmap.c.o)
                0x000000000000fd58                bh_hash_map_destroy
 .text.bh_hash_map_get_struct_size
                0x000000000000fe48       0x24 ../../build//libvmlib.a(bh_hashmap.c.o)
                0x000000000000fe48                bh_hash_map_get_struct_size
 *fill*         0x000000000000fe6c        0x4 
 .text.bh_hash_map_get_elem_struct_size
                0x000000000000fe70        0x8 ../../build//libvmlib.a(bh_hashmap.c.o)
                0x000000000000fe70                bh_hash_map_get_elem_struct_size
 .text.bh_hash_map_traverse
                0x000000000000fe78       0xd0 ../../build//libvmlib.a(bh_hashmap.c.o)
                0x000000000000fe78                bh_hash_map_traverse
 .text.bh_log_set_verbose_level
                0x000000000000ff48        0xc ../../build//libvmlib.a(bh_log.c.o)
                0x000000000000ff48                bh_log_set_verbose_level
 *fill*         0x000000000000ff54        0x4 
 .text.bh_log   0x000000000000ff58      0x1ac ../../build//libvmlib.a(bh_log.c.o)
                0x000000000000ff58                bh_log
 *fill*         0x0000000000010104        0x4 
 .text.bh_print_time
                0x0000000000010108       0x84 ../../build//libvmlib.a(bh_log.c.o)
                0x0000000000010108                bh_print_time
 *fill*         0x000000000001018c        0x4 
 .text.reschedule_timer
                0x0000000000010190      0x108 ../../build//libvmlib.a(runtime_timer.c.o)
 .text.bh_get_tick_ms
                0x0000000000010298       0x30 ../../build//libvmlib.a(runtime_timer.c.o)
                0x0000000000010298                bh_get_tick_ms
 .text.bh_get_elpased_ms
                0x00000000000102c8       0x48 ../../build//libvmlib.a(runtime_timer.c.o)
                0x00000000000102c8                bh_get_elpased_ms
 .text.release_timer_list
                0x0000000000010310       0x38 ../../build//libvmlib.a(runtime_timer.c.o)
                0x0000000000010310                release_timer_list
 .text.create_timer_ctx
                0x0000000000010348       0xe8 ../../build//libvmlib.a(runtime_timer.c.o)
                0x0000000000010348                create_timer_ctx
 .text.destroy_timer_ctx
                0x0000000000010430       0xa8 ../../build//libvmlib.a(runtime_timer.c.o)
                0x0000000000010430                destroy_timer_ctx
 .text.timer_ctx_get_owner
                0x00000000000104d8        0x8 ../../build//libvmlib.a(runtime_timer.c.o)
                0x00000000000104d8                timer_ctx_get_owner
 .text.add_idle_timer
                0x00000000000104e0       0x44 ../../build//libvmlib.a(runtime_timer.c.o)
                0x00000000000104e0                add_idle_timer
 *fill*         0x0000000000010524        0x4 
 .text.sys_create_timer
                0x0000000000010528       0xe0 ../../build//libvmlib.a(runtime_timer.c.o)
                0x0000000000010528                sys_create_timer
 .text.sys_timer_cancel
                0x0000000000010608      0x138 ../../build//libvmlib.a(runtime_timer.c.o)
                0x0000000000010608                sys_timer_cancel
 .text.sys_timer_destroy
                0x0000000000010740      0x14c ../../build//libvmlib.a(runtime_timer.c.o)
                0x0000000000010740                sys_timer_destroy
 *fill*         0x000000000001088c        0x4 
 .text.sys_timer_restart
                0x0000000000010890      0x128 ../../build//libvmlib.a(runtime_timer.c.o)
                0x0000000000010890                sys_timer_restart
 .text.get_expiry_ms
                0x00000000000109b8       0x94 ../../build//libvmlib.a(runtime_timer.c.o)
                0x00000000000109b8                get_expiry_ms
 *fill*         0x0000000000010a4c        0x4 
 .text.check_app_timers
                0x0000000000010a50      0x178 ../../build//libvmlib.a(runtime_timer.c.o)
                0x0000000000010a50                check_app_timers
 .text.cleanup_app_timers
                0x0000000000010bc8       0x70 ../../build//libvmlib.a(runtime_timer.c.o)
                0x0000000000010bc8                cleanup_app_timers
 .text.readlinkat_dup
                0x0000000000010c38      0x10c ../../build//libvmlib.a(posix.c.o)
 *fill*         0x0000000000010d44        0x4 
 .text.fd_table_grow.constprop.0
                0x0000000000010d48      0x104 ../../build//libvmlib.a(posix.c.o)
 *fill*         0x0000000000010e4c        0x4 
 .text.path_put
                0x0000000000010e50       0xb0 ../../build//libvmlib.a(posix.c.o)
 .text.path_get
                0x0000000000010f00      0x628 ../../build//libvmlib.a(posix.c.o)
 .text.wasmtime_ssp_clock_res_get
                0x0000000000011528       0xb0 ../../build//libvmlib.a(posix.c.o)
                0x0000000000011528                wasmtime_ssp_clock_res_get
 .text.wasmtime_ssp_clock_time_get
                0x00000000000115d8       0xb0 ../../build//libvmlib.a(posix.c.o)
                0x00000000000115d8                wasmtime_ssp_clock_time_get
 .text.fd_prestats_init
                0x0000000000011688       0x44 ../../build//libvmlib.a(posix.c.o)
                0x0000000000011688                fd_prestats_init
 *fill*         0x00000000000116cc        0x4 
 .text.fd_prestats_insert
                0x00000000000116d0      0x134 ../../build//libvmlib.a(posix.c.o)
                0x00000000000116d0                fd_prestats_insert
 *fill*         0x0000000000011804        0x4 
 .text.fd_table_init
                0x0000000000011808       0x44 ../../build//libvmlib.a(posix.c.o)
                0x0000000000011808                fd_table_init
 *fill*         0x000000000001184c        0x4 
 .text.fd_table_insert_existing
                0x0000000000011850      0x37c ../../build//libvmlib.a(posix.c.o)
                0x0000000000011850                fd_table_insert_existing
 *fill*         0x0000000000011bcc        0x4 
 .text.wasmtime_ssp_fd_prestat_get
                0x0000000000011bd0       0x80 ../../build//libvmlib.a(posix.c.o)
                0x0000000000011bd0                wasmtime_ssp_fd_prestat_get
 .text.wasmtime_ssp_fd_prestat_dir_name
                0x0000000000011c50       0xc0 ../../build//libvmlib.a(posix.c.o)
                0x0000000000011c50                wasmtime_ssp_fd_prestat_dir_name
 .text.wasmtime_ssp_fd_close
                0x0000000000011d10      0x130 ../../build//libvmlib.a(posix.c.o)
                0x0000000000011d10                wasmtime_ssp_fd_close
 .text.wasmtime_ssp_fd_datasync
                0x0000000000011e40      0x144 ../../build//libvmlib.a(posix.c.o)
                0x0000000000011e40                wasmtime_ssp_fd_datasync
 *fill*         0x0000000000011f84        0x4 
 .text.wasmtime_ssp_fd_pread
                0x0000000000011f88      0x178 ../../build//libvmlib.a(posix.c.o)
                0x0000000000011f88                wasmtime_ssp_fd_pread
 .text.wasmtime_ssp_fd_pwrite
                0x0000000000012100      0x178 ../../build//libvmlib.a(posix.c.o)
                0x0000000000012100                wasmtime_ssp_fd_pwrite
 .text.wasmtime_ssp_fd_read
                0x0000000000012278      0x184 ../../build//libvmlib.a(posix.c.o)
                0x0000000000012278                wasmtime_ssp_fd_read
 *fill*         0x00000000000123fc        0x4 
 .text.wasmtime_ssp_fd_renumber
                0x0000000000012400      0x224 ../../build//libvmlib.a(posix.c.o)
                0x0000000000012400                wasmtime_ssp_fd_renumber
 *fill*         0x0000000000012624        0x4 
 .text.wasmtime_ssp_fd_seek
                0x0000000000012628      0x1b0 ../../build//libvmlib.a(posix.c.o)
                0x0000000000012628                wasmtime_ssp_fd_seek
 .text.wasmtime_ssp_fd_tell
                0x00000000000127d8      0x168 ../../build//libvmlib.a(posix.c.o)
                0x00000000000127d8                wasmtime_ssp_fd_tell
 .text.wasmtime_ssp_fd_fdstat_get
                0x0000000000012940      0x12c ../../build//libvmlib.a(posix.c.o)
                0x0000000000012940                wasmtime_ssp_fd_fdstat_get
 *fill*         0x0000000000012a6c        0x4 
 .text.wasmtime_ssp_fd_fdstat_set_flags
                0x0000000000012a70      0x1e4 ../../build//libvmlib.a(posix.c.o)
                0x0000000000012a70                wasmtime_ssp_fd_fdstat_set_flags
 *fill*         0x0000000000012c54        0x4 
 .text.wasmtime_ssp_fd_fdstat_set_rights
                0x0000000000012c58       0xac ../../build//libvmlib.a(posix.c.o)
                0x0000000000012c58                wasmtime_ssp_fd_fdstat_set_rights
 *fill*         0x0000000000012d04        0x4 
 .text.wasmtime_ssp_fd_sync
                0x0000000000012d08      0x144 ../../build//libvmlib.a(posix.c.o)
                0x0000000000012d08                wasmtime_ssp_fd_sync
 *fill*         0x0000000000012e4c        0x4 
 .text.wasmtime_ssp_fd_write
                0x0000000000012e50      0x184 ../../build//libvmlib.a(posix.c.o)
                0x0000000000012e50                wasmtime_ssp_fd_write
 *fill*         0x0000000000012fd4        0x4 
 .text.wasmtime_ssp_fd_advise
                0x0000000000012fd8       0x90 ../../build//libvmlib.a(posix.c.o)
                0x0000000000012fd8                wasmtime_ssp_fd_advise
 .text.wasmtime_ssp_fd_allocate
                0x0000000000013068      0x15c ../../build//libvmlib.a(posix.c.o)
                0x0000000000013068                wasmtime_ssp_fd_allocate
 *fill*         0x00000000000131c4        0x4 
 .text.wasmtime_ssp_path_create_directory
                0x00000000000131c8       0xd8 ../../build//libvmlib.a(posix.c.o)
                0x00000000000131c8                wasmtime_ssp_path_create_directory
 .text.wasmtime_ssp_path_link
                0x00000000000132a0      0x368 ../../build//libvmlib.a(posix.c.o)
                0x00000000000132a0                wasmtime_ssp_path_link
 .text.wasmtime_ssp_path_open
                0x0000000000013608      0x808 ../../build//libvmlib.a(posix.c.o)
                0x0000000000013608                wasmtime_ssp_path_open
 .text.wasmtime_ssp_fd_readdir
                0x0000000000013e10      0x498 ../../build//libvmlib.a(posix.c.o)
                0x0000000000013e10                wasmtime_ssp_fd_readdir
 .text.wasmtime_ssp_path_readlink
                0x00000000000142a8       0xf8 ../../build//libvmlib.a(posix.c.o)
                0x00000000000142a8                wasmtime_ssp_path_readlink
 .text.wasmtime_ssp_path_rename
                0x00000000000143a0      0x140 ../../build//libvmlib.a(posix.c.o)
                0x00000000000143a0                wasmtime_ssp_path_rename
 .text.wasmtime_ssp_fd_filestat_get
                0x00000000000144e0      0x22c ../../build//libvmlib.a(posix.c.o)
                0x00000000000144e0                wasmtime_ssp_fd_filestat_get
 *fill*         0x000000000001470c        0x4 
 .text.wasmtime_ssp_fd_filestat_set_size
                0x0000000000014710      0x160 ../../build//libvmlib.a(posix.c.o)
                0x0000000000014710                wasmtime_ssp_fd_filestat_set_size
 .text.wasmtime_ssp_fd_filestat_set_times
                0x0000000000014870      0x214 ../../build//libvmlib.a(posix.c.o)
                0x0000000000014870                wasmtime_ssp_fd_filestat_set_times
 *fill*         0x0000000000014a84        0x4 
 .text.wasmtime_ssp_path_filestat_get
                0x0000000000014a88      0x234 ../../build//libvmlib.a(posix.c.o)
                0x0000000000014a88                wasmtime_ssp_path_filestat_get
 *fill*         0x0000000000014cbc        0x4 
 .text.wasmtime_ssp_path_filestat_set_times
                0x0000000000014cc0      0x1c4 ../../build//libvmlib.a(posix.c.o)
                0x0000000000014cc0                wasmtime_ssp_path_filestat_set_times
 *fill*         0x0000000000014e84        0x4 
 .text.wasmtime_ssp_path_symlink
                0x0000000000014e88      0x194 ../../build//libvmlib.a(posix.c.o)
                0x0000000000014e88                wasmtime_ssp_path_symlink
 *fill*         0x000000000001501c        0x4 
 .text.wasmtime_ssp_path_unlink_file
                0x0000000000015020       0xd8 ../../build//libvmlib.a(posix.c.o)
                0x0000000000015020                wasmtime_ssp_path_unlink_file
 .text.wasmtime_ssp_path_remove_directory
                0x00000000000150f8       0xd8 ../../build//libvmlib.a(posix.c.o)
                0x00000000000150f8                wasmtime_ssp_path_remove_directory
 .text.wasmtime_ssp_poll_oneoff
                0x00000000000151d0      0x5f8 ../../build//libvmlib.a(posix.c.o)
                0x00000000000151d0                wasmtime_ssp_poll_oneoff
 .text.wasmtime_ssp_proc_raise
                0x00000000000157c8       0x84 ../../build//libvmlib.a(posix.c.o)
                0x00000000000157c8                wasmtime_ssp_proc_raise
 *fill*         0x000000000001584c        0x4 
 .text.wasmtime_ssp_random_get
                0x0000000000015850       0x18 ../../build//libvmlib.a(posix.c.o)
                0x0000000000015850                wasmtime_ssp_random_get
 .text.wasmtime_ssp_sock_recv
                0x0000000000015868      0x1c4 ../../build//libvmlib.a(posix.c.o)
                0x0000000000015868                wasmtime_ssp_sock_recv
 *fill*         0x0000000000015a2c        0x4 
 .text.wasmtime_ssp_sock_send
                0x0000000000015a30      0x17c ../../build//libvmlib.a(posix.c.o)
                0x0000000000015a30                wasmtime_ssp_sock_send
 *fill*         0x0000000000015bac        0x4 
 .text.wasmtime_ssp_sock_shutdown
                0x0000000000015bb0      0x170 ../../build//libvmlib.a(posix.c.o)
                0x0000000000015bb0                wasmtime_ssp_sock_shutdown
 .text.wasmtime_ssp_sched_yield
                0x0000000000015d20       0x58 ../../build//libvmlib.a(posix.c.o)
                0x0000000000015d20                wasmtime_ssp_sched_yield
 .text.wasmtime_ssp_args_get
                0x0000000000015d78       0xec ../../build//libvmlib.a(posix.c.o)
                0x0000000000015d78                wasmtime_ssp_args_get
 *fill*         0x0000000000015e64        0x4 
 .text.wasmtime_ssp_args_sizes_get
                0x0000000000015e68       0x1c ../../build//libvmlib.a(posix.c.o)
                0x0000000000015e68                wasmtime_ssp_args_sizes_get
 *fill*         0x0000000000015e84        0x4 
 .text.wasmtime_ssp_environ_get
                0x0000000000015e88       0xf4 ../../build//libvmlib.a(posix.c.o)
                0x0000000000015e88                wasmtime_ssp_environ_get
 *fill*         0x0000000000015f7c        0x4 
 .text.wasmtime_ssp_environ_sizes_get
                0x0000000000015f80       0x1c ../../build//libvmlib.a(posix.c.o)
                0x0000000000015f80                wasmtime_ssp_environ_sizes_get
 *fill*         0x0000000000015f9c        0x4 
 .text.argv_environ_init
                0x0000000000015fa0       0x20 ../../build//libvmlib.a(posix.c.o)
                0x0000000000015fa0                argv_environ_init
 .text.argv_environ_destroy
                0x0000000000015fc0        0x4 ../../build//libvmlib.a(posix.c.o)
                0x0000000000015fc0                argv_environ_destroy
 *fill*         0x0000000000015fc4        0x4 
 .text.fd_table_destroy
                0x0000000000015fc8       0xdc ../../build//libvmlib.a(posix.c.o)
                0x0000000000015fc8                fd_table_destroy
 *fill*         0x00000000000160a4        0x4 
 .text.fd_prestats_destroy
                0x00000000000160a8       0x80 ../../build//libvmlib.a(posix.c.o)
                0x00000000000160a8                fd_prestats_destroy
 .text.random_buf
                0x0000000000016128       0x84 ../../build//libvmlib.a(random.c.o)
                0x0000000000016128                random_buf
 *fill*         0x00000000000161ac        0x4 
 .text.random_uniform
                0x00000000000161b0       0xb8 ../../build//libvmlib.a(random.c.o)
                0x00000000000161b0                random_uniform
 .text.str_nullterminate
                0x0000000000016268       0xbc ../../build//libvmlib.a(str.c.o)
                0x0000000000016268                str_nullterminate
 *fill*         0x0000000000016324        0x4 
 .text.wasm_tabletype_new_internal
                0x0000000000016328      0x118 ../../build//libvmlib.a(wasm_c_api.c.o)
 .text.wasm_table_new_internal.isra.0
                0x0000000000016440      0x148 ../../build//libvmlib.a(wasm_c_api.c.o)
 .text.wasm_memory_new_internal.isra.0
                0x0000000000016588      0x14c ../../build//libvmlib.a(wasm_c_api.c.o)
 *fill*         0x00000000000166d4        0x4 
 .text.wasm_trap_new_internal
                0x00000000000166d8      0x108 ../../build//libvmlib.a(wasm_c_api.c.o)
 .text.wasm_module_copy
                0x00000000000167e0       0x34 ../../build//libvmlib.a(wasm_c_api.c.o)
                0x00000000000167e0                wasm_module_copy
 *fill*         0x0000000000016814        0x4 
 .text.wasm_instance_copy
                0x0000000000016818       0x34 ../../build//libvmlib.a(wasm_c_api.c.o)
                0x0000000000016818                wasm_instance_copy
 *fill*         0x000000000001684c        0x4 
 .text.wasm_byte_vec_new_empty
                0x0000000000016850       0x10 ../../build//libvmlib.a(wasm_c_api.c.o)
                0x0000000000016850                wasm_byte_vec_new_empty
 .text.wasm_byte_vec_new_uninitialized
                0x0000000000016860       0x50 ../../build//libvmlib.a(wasm_c_api.c.o)
                0x0000000000016860                wasm_byte_vec_new_uninitialized
 .text.wasm_byte_vec_new
                0x00000000000168b0       0x9c ../../build//libvmlib.a(wasm_c_api.c.o)
                0x00000000000168b0                wasm_byte_vec_new
 *fill*         0x000000000001694c        0x4 
 .text.wasm_byte_vec_copy
                0x0000000000016950       0xa0 ../../build//libvmlib.a(wasm_c_api.c.o)
                0x0000000000016950                wasm_byte_vec_copy
 .text.wasm_byte_vec_delete
                0x00000000000169f0        0xc ../../build//libvmlib.a(wasm_c_api.c.o)
                0x00000000000169f0                wasm_byte_vec_delete
 *fill*         0x00000000000169fc        0x4 
 .text.wasm_val_vec_new_empty
                0x0000000000016a00       0x10 ../../build//libvmlib.a(wasm_c_api.c.o)
                0x0000000000016a00                wasm_val_vec_new_empty
 .text.wasm_val_vec_new_uninitialized
                0x0000000000016a10       0x50 ../../build//libvmlib.a(wasm_c_api.c.o)
                0x0000000000016a10                wasm_val_vec_new_uninitialized
 .text.wasm_val_vec_new
                0x0000000000016a60       0xa0 ../../build//libvmlib.a(wasm_c_api.c.o)
                0x0000000000016a60                wasm_val_vec_new
 .text.wasm_val_vec_copy
                0x0000000000016b00       0xa4 ../../build//libvmlib.a(wasm_c_api.c.o)
                0x0000000000016b00                wasm_val_vec_copy
 *fill*         0x0000000000016ba4        0x4 
 .text.wasm_val_vec_delete
                0x0000000000016ba8        0xc ../../build//libvmlib.a(wasm_c_api.c.o)
                0x0000000000016ba8                wasm_val_vec_delete
 *fill*         0x0000000000016bb4        0x4 
 .text.wasm_valtype_vec_new_empty
                0x0000000000016bb8       0x10 ../../build//libvmlib.a(wasm_c_api.c.o)
                0x0000000000016bb8                wasm_valtype_vec_new_empty
 .text.wasm_valtype_vec_new_uninitialized
                0x0000000000016bc8       0x94 ../../build//libvmlib.a(wasm_c_api.c.o)
                0x0000000000016bc8                wasm_valtype_vec_new_uninitialized
 *fill*         0x0000000000016c5c        0x4 
 .text.wasm_valtype_vec_new
                0x0000000000016c60       0xe4 ../../build//libvmlib.a(wasm_c_api.c.o)
                0x0000000000016c60                wasm_valtype_vec_new
 *fill*         0x0000000000016d44        0x4 
 .text.wasm_valtype_vec_copy
                0x0000000000016d48      0x10c ../../build//libvmlib.a(wasm_c_api.c.o)
                0x0000000000016d48                wasm_valtype_vec_copy
 *fill*         0x0000000000016e54        0x4 
 .text.wasm_valtype_vec_delete
                0x0000000000016e58       0x6c ../../build//libvmlib.a(wasm_c_api.c.o)
                0x0000000000016e58                wasm_valtype_vec_delete
 *fill*         0x0000000000016ec4        0x4 
 .text.wasm_functype_vec_new_empty
                0x0000000000016ec8       0x10 ../../build//libvmlib.a(wasm_c_api.c.o)
                0x0000000000016ec8                wasm_functype_vec_new_empty
 .text.wasm_functype_vec_delete
                0x0000000000016ed8      0x128 ../../build//libvmlib.a(wasm_c_api.c.o)
                0x0000000000016ed8                wasm_functype_vec_delete
 .text.wasm_exporttype_vec_new_empty
                0x0000000000017000       0x10 ../../build//libvmlib.a(wasm_c_api.c.o)
                0x0000000000017000                wasm_exporttype_vec_new_empty
 .text.wasm_importtype_vec_new_empty
                0x0000000000017010       0x10 ../../build//libvmlib.a(wasm_c_api.c.o)
                0x0000000000017010                wasm_importtype_vec_new_empty
 .text.wasm_store_vec_new_empty
                0x0000000000017020       0x10 ../../build//libvmlib.a(wasm_c_api.c.o)
                0x0000000000017020                wasm_store_vec_new_empty
 .text.wasm_module_vec_new_empty
                0x0000000000017030       0x10 ../../build//libvmlib.a(wasm_c_api.c.o)
                0x0000000000017030                wasm_module_vec_new_empty
 .text.wasm_module_vec_new_uninitialized
                0x0000000000017040       0xb4 ../../build//libvmlib.a(wasm_c_api.c.o)
                0x0000000000017040                wasm_module_vec_new_uninitialized
 *fill*         0x00000000000170f4        0x4 
 .text.wasm_module_vec_new
                0x00000000000170f8       0xfc ../../build//libvmlib.a(wasm_c_api.c.o)
                0x00000000000170f8                wasm_module_vec_new
 *fill*         0x00000000000171f4        0x4 
 .text.wasm_module_vec_copy
                0x00000000000171f8       0xf8 ../../build//libvmlib.a(wasm_c_api.c.o)
                0x00000000000171f8                wasm_module_vec_copy
 .text.wasm_module_vec_delete
                0x00000000000172f0       0x8c ../../build//libvmlib.a(wasm_c_api.c.o)
                0x00000000000172f0                wasm_module_vec_delete
 *fill*         0x000000000001737c        0x4 
 .text.wasm_instance_vec_new_empty
                0x0000000000017380       0x10 ../../build//libvmlib.a(wasm_c_api.c.o)
                0x0000000000017380                wasm_instance_vec_new_empty
 .text.wasm_extern_vec_new_empty
                0x0000000000017390       0x10 ../../build//libvmlib.a(wasm_c_api.c.o)
                0x0000000000017390                wasm_extern_vec_new_empty
 .text.wasm_valtype_new
                0x00000000000173a0       0x2c ../../build//libvmlib.a(wasm_c_api.c.o)
                0x00000000000173a0                wasm_valtype_new
 *fill*         0x00000000000173cc        0x4 
 .text.wasm_valtype_delete
                0x00000000000173d0        0xc ../../build//libvmlib.a(wasm_c_api.c.o)
                0x00000000000173d0                wasm_valtype_delete
 *fill*         0x00000000000173dc        0x4 
 .text.wasm_valtype_copy
                0x00000000000173e0       0x38 ../../build//libvmlib.a(wasm_c_api.c.o)
                0x00000000000173e0                wasm_valtype_copy
 .text.wasm_valtype_kind
                0x0000000000017418       0x14 ../../build//libvmlib.a(wasm_c_api.c.o)
                0x0000000000017418                wasm_valtype_kind
 *fill*         0x000000000001742c        0x4 
 .text.wasm_valtype_same
                0x0000000000017430       0x38 ../../build//libvmlib.a(wasm_c_api.c.o)
                0x0000000000017430                wasm_valtype_same
 .text.wasm_functype_delete
                0x0000000000017468       0xf0 ../../build//libvmlib.a(wasm_c_api.c.o)
                0x0000000000017468                wasm_functype_delete
 .text.wasm_functype_vec_new
                0x0000000000017558       0xcc ../../build//libvmlib.a(wasm_c_api.c.o)
                0x0000000000017558                wasm_functype_vec_new
 *fill*         0x0000000000017624        0x4 
 .text.wasm_functype_new
                0x0000000000017628       0xe0 ../../build//libvmlib.a(wasm_c_api.c.o)
                0x0000000000017628                wasm_functype_new
 .text.wasm_functype_new_internal
                0x0000000000017708      0x3fc ../../build//libvmlib.a(wasm_c_api.c.o)
 *fill*         0x0000000000017b04        0x4 
 .text.wasm_functype_vec_new_uninitialized
                0x0000000000017b08       0x78 ../../build//libvmlib.a(wasm_c_api.c.o)
                0x0000000000017b08                wasm_functype_vec_new_uninitialized
 .text.wasm_functype_copy
                0x0000000000017b80      0x1cc ../../build//libvmlib.a(wasm_c_api.c.o)
                0x0000000000017b80                wasm_functype_copy
 *fill*         0x0000000000017d4c        0x4 
 .text.wasm_functype_vec_copy
                0x0000000000017d50       0xcc ../../build//libvmlib.a(wasm_c_api.c.o)
                0x0000000000017d50                wasm_functype_vec_copy
 *fill*         0x0000000000017e1c        0x4 
 .text.wasm_importtype_vec_delete.part.0
                0x0000000000017e20      0x10c ../../build//libvmlib.a(wasm_c_api.c.o)
 *fill*         0x0000000000017f2c        0x4 
 .text.wasm_importtype_vec_new
                0x0000000000017f30       0xa0 ../../build//libvmlib.a(wasm_c_api.c.o)
                0x0000000000017f30                wasm_importtype_vec_new
 .text.wasm_exporttype_vec_delete
                0x0000000000017fd0      0x100 ../../build//libvmlib.a(wasm_c_api.c.o)
                0x0000000000017fd0                wasm_exporttype_vec_delete
 .text.wasm_importtype_vec_delete
                0x00000000000180d0      0x118 ../../build//libvmlib.a(wasm_c_api.c.o)
                0x00000000000180d0                wasm_importtype_vec_delete
 .text.wasm_extern_vec_delete
                0x00000000000181e8      0x140 ../../build//libvmlib.a(wasm_c_api.c.o)
                0x00000000000181e8                wasm_extern_vec_delete
 .text.wasm_extern_vec_new_uninitialized
                0x0000000000018328      0x168 ../../build//libvmlib.a(wasm_c_api.c.o)
                0x0000000000018328                wasm_extern_vec_new_uninitialized
 .text.wasm_functype_params
                0x0000000000018490       0x14 ../../build//libvmlib.a(wasm_c_api.c.o)
                0x0000000000018490                wasm_functype_params
 *fill*         0x00000000000184a4        0x4 
 .text.wasm_functype_results
                0x00000000000184a8       0x14 ../../build//libvmlib.a(wasm_c_api.c.o)
                0x00000000000184a8                wasm_functype_results
 *fill*         0x00000000000184bc        0x4 
 .text.wasm_globaltype_new
                0x00000000000184c0       0x4c ../../build//libvmlib.a(wasm_c_api.c.o)
                0x00000000000184c0                wasm_globaltype_new
 *fill*         0x000000000001850c        0x4 
 .text.wasm_globaltype_new_internal
                0x0000000000018510       0xf0 ../../build//libvmlib.a(wasm_c_api.c.o)
                0x0000000000018510                wasm_globaltype_new_internal
 .text.wasm_global_new_internal.isra.0.part.0
                0x0000000000018600      0x2b0 ../../build//libvmlib.a(wasm_c_api.c.o)
 .text.wasm_globaltype_delete
                0x00000000000188b0       0x38 ../../build//libvmlib.a(wasm_c_api.c.o)
                0x00000000000188b0                wasm_globaltype_delete
 .text.wasm_globaltype_copy
                0x00000000000188e8       0x9c ../../build//libvmlib.a(wasm_c_api.c.o)
                0x00000000000188e8                wasm_globaltype_copy
 *fill*         0x0000000000018984        0x4 
 .text.wasm_globaltype_content
                0x0000000000018988       0x14 ../../build//libvmlib.a(wasm_c_api.c.o)
                0x0000000000018988                wasm_globaltype_content
 *fill*         0x000000000001899c        0x4 
 .text.wasm_globaltype_mutability
                0x00000000000189a0       0x14 ../../build//libvmlib.a(wasm_c_api.c.o)
                0x00000000000189a0                wasm_globaltype_mutability
 *fill*         0x00000000000189b4        0x4 
 .text.wasm_globaltype_same
                0x00000000000189b8       0x68 ../../build//libvmlib.a(wasm_c_api.c.o)
                0x00000000000189b8                wasm_globaltype_same
 .text.wasm_tabletype_new
                0x0000000000018a20       0x50 ../../build//libvmlib.a(wasm_c_api.c.o)
                0x0000000000018a20                wasm_tabletype_new
 .text.wasm_tabletype_copy
                0x0000000000018a70       0xa8 ../../build//libvmlib.a(wasm_c_api.c.o)
                0x0000000000018a70                wasm_tabletype_copy
 .text.wasm_tabletype_delete
                0x0000000000018b18       0x38 ../../build//libvmlib.a(wasm_c_api.c.o)
                0x0000000000018b18                wasm_tabletype_delete
 .text.wasm_tabletype_element
                0x0000000000018b50       0x14 ../../build//libvmlib.a(wasm_c_api.c.o)
                0x0000000000018b50                wasm_tabletype_element
 *fill*         0x0000000000018b64        0x4 
 .text.wasm_tabletype_limits
                0x0000000000018b68       0x10 ../../build//libvmlib.a(wasm_c_api.c.o)
                0x0000000000018b68                wasm_tabletype_limits
 .text.wasm_memorytype_new
                0x0000000000018b78       0x48 ../../build//libvmlib.a(wasm_c_api.c.o)
                0x0000000000018b78                wasm_memorytype_new
 .text.wasm_memorytype_copy
                0x0000000000018bc0       0x48 ../../build//libvmlib.a(wasm_c_api.c.o)
                0x0000000000018bc0                wasm_memorytype_copy
 .text.wasm_memorytype_delete
                0x0000000000018c08        0xc ../../build//libvmlib.a(wasm_c_api.c.o)
                0x0000000000018c08                wasm_memorytype_delete
 *fill*         0x0000000000018c14        0x4 
 .text.wasm_memorytype_limits
                0x0000000000018c18       0x10 ../../build//libvmlib.a(wasm_c_api.c.o)
                0x0000000000018c18                wasm_memorytype_limits
 .text.wasm_externtype_kind
                0x0000000000018c28       0x14 ../../build//libvmlib.a(wasm_c_api.c.o)
                0x0000000000018c28                wasm_externtype_kind
 *fill*         0x0000000000018c3c        0x4 
 .text.wasm_externtype_as_functype
                0x0000000000018c40        0x4 ../../build//libvmlib.a(wasm_c_api.c.o)
                0x0000000000018c40                wasm_externtype_as_functype
 *fill*         0x0000000000018c44        0x4 
 .text.wasm_externtype_as_globaltype
                0x0000000000018c48        0x4 ../../build//libvmlib.a(wasm_c_api.c.o)
                0x0000000000018c48                wasm_externtype_as_globaltype
 *fill*         0x0000000000018c4c        0x4 
 .text.wasm_externtype_as_memorytype
                0x0000000000018c50        0x4 ../../build//libvmlib.a(wasm_c_api.c.o)
                0x0000000000018c50                wasm_externtype_as_memorytype
 *fill*         0x0000000000018c54        0x4 
 .text.wasm_externtype_as_tabletype
                0x0000000000018c58        0x4 ../../build//libvmlib.a(wasm_c_api.c.o)
                0x0000000000018c58                wasm_externtype_as_tabletype
 *fill*         0x0000000000018c5c        0x4 
 .text.wasm_functype_as_externtype
                0x0000000000018c60        0x4 ../../build//libvmlib.a(wasm_c_api.c.o)
                0x0000000000018c60                wasm_functype_as_externtype
 *fill*         0x0000000000018c64        0x4 
 .text.wasm_globaltype_as_externtype
                0x0000000000018c68        0x4 ../../build//libvmlib.a(wasm_c_api.c.o)
                0x0000000000018c68                wasm_globaltype_as_externtype
 *fill*         0x0000000000018c6c        0x4 
 .text.wasm_memorytype_as_externtype
                0x0000000000018c70        0x4 ../../build//libvmlib.a(wasm_c_api.c.o)
                0x0000000000018c70                wasm_memorytype_as_externtype
 *fill*         0x0000000000018c74        0x4 
 .text.wasm_tabletype_as_externtype
                0x0000000000018c78        0x4 ../../build//libvmlib.a(wasm_c_api.c.o)
                0x0000000000018c78                wasm_tabletype_as_externtype
 *fill*         0x0000000000018c7c        0x4 
 .text.wasm_externtype_as_functype_const
                0x0000000000018c80        0x4 ../../build//libvmlib.a(wasm_c_api.c.o)
                0x0000000000018c80                wasm_externtype_as_functype_const
 *fill*         0x0000000000018c84        0x4 
 .text.wasm_externtype_as_globaltype_const
                0x0000000000018c88        0x4 ../../build//libvmlib.a(wasm_c_api.c.o)
                0x0000000000018c88                wasm_externtype_as_globaltype_const
 *fill*         0x0000000000018c8c        0x4 
 .text.wasm_externtype_as_memorytype_const
                0x0000000000018c90        0x4 ../../build//libvmlib.a(wasm_c_api.c.o)
                0x0000000000018c90                wasm_externtype_as_memorytype_const
 *fill*         0x0000000000018c94        0x4 
 .text.wasm_externtype_as_tabletype_const
                0x0000000000018c98        0x4 ../../build//libvmlib.a(wasm_c_api.c.o)
                0x0000000000018c98                wasm_externtype_as_tabletype_const
 *fill*         0x0000000000018c9c        0x4 
 .text.wasm_functype_as_externtype_const
                0x0000000000018ca0        0x4 ../../build//libvmlib.a(wasm_c_api.c.o)
                0x0000000000018ca0                wasm_functype_as_externtype_const
 *fill*         0x0000000000018ca4        0x4 
 .text.wasm_globaltype_as_externtype_const
                0x0000000000018ca8        0x4 ../../build//libvmlib.a(wasm_c_api.c.o)
                0x0000000000018ca8                wasm_globaltype_as_externtype_const
 *fill*         0x0000000000018cac        0x4 
 .text.wasm_memorytype_as_externtype_const
                0x0000000000018cb0        0x4 ../../build//libvmlib.a(wasm_c_api.c.o)
                0x0000000000018cb0                wasm_memorytype_as_externtype_const
 *fill*         0x0000000000018cb4        0x4 
 .text.wasm_tabletype_as_externtype_const
                0x0000000000018cb8        0x4 ../../build//libvmlib.a(wasm_c_api.c.o)
                0x0000000000018cb8                wasm_tabletype_as_externtype_const
 *fill*         0x0000000000018cbc        0x4 
 .text.wasm_externtype_copy
                0x0000000000018cc0       0xb8 ../../build//libvmlib.a(wasm_c_api.c.o)
                0x0000000000018cc0                wasm_externtype_copy
 .text.wasm_externtype_delete
                0x0000000000018d78       0x98 ../../build//libvmlib.a(wasm_c_api.c.o)
                0x0000000000018d78                wasm_externtype_delete
 .text.wasm_exporttype_vec_new_uninitialized
                0x0000000000018e10       0xac ../../build//libvmlib.a(wasm_c_api.c.o)
                0x0000000000018e10                wasm_exporttype_vec_new_uninitialized
 *fill*         0x0000000000018ebc        0x4 
 .text.wasm_exporttype_vec_new
                0x0000000000018ec0       0xf4 ../../build//libvmlib.a(wasm_c_api.c.o)
                0x0000000000018ec0                wasm_exporttype_vec_new
 *fill*         0x0000000000018fb4        0x4 
 .text.wasm_importtype_vec_new_uninitialized
                0x0000000000018fb8       0xc4 ../../build//libvmlib.a(wasm_c_api.c.o)
                0x0000000000018fb8                wasm_importtype_vec_new_uninitialized
 *fill*         0x000000000001907c        0x4 
 .text.wasm_exporttype_vec_copy
                0x0000000000019080      0x2e0 ../../build//libvmlib.a(wasm_c_api.c.o)
                0x0000000000019080                wasm_exporttype_vec_copy
 .text.wasm_importtype_new
                0x0000000000019360       0xf8 ../../build//libvmlib.a(wasm_c_api.c.o)
                0x0000000000019360                wasm_importtype_new
 .text.wasm_importtype_delete
                0x0000000000019458       0xe0 ../../build//libvmlib.a(wasm_c_api.c.o)
                0x0000000000019458                wasm_importtype_delete
 .text.wasm_importtype_copy